Component: Arm Compiler for Embedded 6.21 Tool: armlink [5ec1fa00]

==============================================================================

Section Cross References

    main.o(.text.main) refers to main.o(.text.PLLInit) for PLLInit
    main.o(.text.main) refers to main.o(.text.GPIO_Init) for GPIO_Init
    main.o(.text.main) refers to main.o(.text.TIM_Init) for TIM_Init
    main.o(.text.main) refers to main.o(.text.Interupt_Config) for Interupt_Config
    main.o(.text.main) refers to systick_time.o(.text.systick_init) for systick_init
    main.o(.text.main) refers to lcd_1602_drive.o(.text.lcd_i2c_init) for lcd_i2c_init
    main.o(.text.main) refers to main.o(.bss.S) for S
    main.o(.text.main) refers to main.o(.rodata.fsm) for fsm
    main.o(.text.main) refers to main.o(.text.TimerDelayMs) for TimerDelayMs
    main.o(.text.main) refers to main.o(.bss.inputValue) for inputValue
    main.o(.text.main) refers to main.o(.data.Input) for Input
    main.o(.ARM.exidx.text.main) refers to main.o(.text.main) for [Anonymous Symbol]
    main.o(.text.PLLInit) refers to system_stm32f10x.o(.text.SystemCoreClockUpdate) for SystemCoreClockUpdate
    main.o(.ARM.exidx.text.PLLInit) refers to main.o(.text.PLLInit) for [Anonymous Symbol]
    main.o(.ARM.exidx.text.GPIO_Init) refers to main.o(.text.GPIO_Init) for [Anonymous Symbol]
    main.o(.ARM.exidx.text.TIM_Init) refers to main.o(.text.TIM_Init) for [Anonymous Symbol]
    main.o(.text.Interupt_Config) refers to main.o(.text.__NVIC_SetPriority) for __NVIC_SetPriority
    main.o(.text.Interupt_Config) refers to main.o(.text.__NVIC_EnableIRQ) for __NVIC_EnableIRQ
    main.o(.ARM.exidx.text.Interupt_Config) refers to main.o(.text.Interupt_Config) for [Anonymous Symbol]
    main.o(.text.TimerDelayMs) refers to main.o(.bss.warnEnds) for warnEnds
    main.o(.text.TimerDelayMs) refers to main.o(.bss.greenEnd) for greenEnd
    main.o(.text.TimerDelayMs) refers to main.o(.bss.greenEnds) for greenEnds
    main.o(.text.TimerDelayMs) refers to main.o(.text.sendRemaningTime) for sendRemaningTime
    main.o(.text.TimerDelayMs) refers to main.o(.bss.greenCNT) for greenCNT
    main.o(.text.TimerDelayMs) refers to main.o(.bss.inputValue) for inputValue
    main.o(.text.TimerDelayMs) refers to main.o(.bss.yellowEnds) for yellowEnds
    main.o(.text.TimerDelayMs) refers to main.o(.bss.yellowEnd) for yellowEnd
    main.o(.text.TimerDelayMs) refers to main.o(.bss.warnEnd) for warnEnd
    main.o(.text.TimerDelayMs) refers to main.o(.bss.checkGPIO) for checkGPIO
    main.o(.text.TimerDelayMs) refers to main.o(.bss.warnCNT) for warnCNT
    main.o(.ARM.exidx.text.TimerDelayMs) refers to main.o(.text.TimerDelayMs) for [Anonymous Symbol]
    main.o(.text.TIM2_IRQHandler) refers to main.o(.bss.greenEnd) for greenEnd
    main.o(.ARM.exidx.text.TIM2_IRQHandler) refers to main.o(.text.TIM2_IRQHandler) for [Anonymous Symbol]
    main.o(.text.TIM3_IRQHandler) refers to main.o(.bss.yellowEnd) for yellowEnd
    main.o(.ARM.exidx.text.TIM3_IRQHandler) refers to main.o(.text.TIM3_IRQHandler) for [Anonymous Symbol]
    main.o(.text.TIM4_IRQHandler) refers to main.o(.bss.warnEnd) for warnEnd
    main.o(.text.TIM4_IRQHandler) refers to main.o(.bss.warnEnds) for warnEnds
    main.o(.ARM.exidx.text.TIM4_IRQHandler) refers to main.o(.text.TIM4_IRQHandler) for [Anonymous Symbol]
    main.o(.text.EXTI3_IRQHandler) refers to main.o(.bss.checkWest) for checkWest
    main.o(.text.EXTI3_IRQHandler) refers to main.o(.bss.checkWalk) for checkWalk
    main.o(.text.EXTI3_IRQHandler) refers to main.o(.bss.checkSouth) for checkSouth
    main.o(.text.EXTI3_IRQHandler) refers to main.o(.bss.inputValue) for inputValue
    main.o(.text.EXTI3_IRQHandler) refers to main.o(.bss.checkGPIO) for checkGPIO
    main.o(.ARM.exidx.text.EXTI3_IRQHandler) refers to main.o(.text.EXTI3_IRQHandler) for [Anonymous Symbol]
    main.o(.text.EXTI4_IRQHandler) refers to main.o(.bss.checkSouth) for checkSouth
    main.o(.text.EXTI4_IRQHandler) refers to main.o(.bss.checkWalk) for checkWalk
    main.o(.text.EXTI4_IRQHandler) refers to main.o(.bss.checkWest) for checkWest
    main.o(.text.EXTI4_IRQHandler) refers to main.o(.bss.inputValue) for inputValue
    main.o(.text.EXTI4_IRQHandler) refers to main.o(.bss.checkGPIO) for checkGPIO
    main.o(.ARM.exidx.text.EXTI4_IRQHandler) refers to main.o(.text.EXTI4_IRQHandler) for [Anonymous Symbol]
    main.o(.text.EXTI9_5_IRQHandler) refers to main.o(.bss.checkWalk) for checkWalk
    main.o(.text.EXTI9_5_IRQHandler) refers to main.o(.bss.checkSouth) for checkSouth
    main.o(.text.EXTI9_5_IRQHandler) refers to main.o(.bss.checkWest) for checkWest
    main.o(.text.EXTI9_5_IRQHandler) refers to main.o(.bss.inputValue) for inputValue
    main.o(.text.EXTI9_5_IRQHandler) refers to main.o(.bss.checkGPIO) for checkGPIO
    main.o(.ARM.exidx.text.EXTI9_5_IRQHandler) refers to main.o(.text.EXTI9_5_IRQHandler) for [Anonymous Symbol]
    main.o(.text.sendRemaningTime) refers to main.o(.bss.count1) for count1
[...]
    ../clib/printf.c                         0x00000000   Number         0  __printf_wp.o ABSOLUTE
    ../clib/printf.c                         0x00000000   Number         0  __printf_flags_wp.o ABSOLUTE
    ../clib/printf.c                         0x00000000   Number         0  __printf_ss_wp.o ABSOLUTE
    ../clib/printf.c                         0x00000000   Number         0  __printf_flags_ss_wp.o ABSOLUTE
    ../clib/printf.c                         0x00000000   Number         0  _printf_intcommon.o ABSOLUTE
    ../clib/printf.c                         0x00000000   Number         0  _printf_fp_dec.o ABSOLUTE
    ../clib/printf.c                         0x00000000   Number         0  _printf_fp_dec_accurate.o ABSOLUTE
    ../clib/printf.c                         0x00000000   Number         0  _printf_fp_hex.o ABSOLUTE
    ../clib/printf.c                         0x00000000   Number         0  __printf_nopercent.o ABSOLUTE
    ../clib/printf.c                         0x00000000   Number         0  _printf_char.o ABSOLUTE
    ../clib/printf.c                         0x00000000   Number         0  _printf_wchar.o ABSOLUTE
    ../clib/printf.c                         0x00000000   Number         0  _printf_fp_infnan.o ABSOLUTE
    ../clib/printf_percent.s                 0x00000000   Number         0  _printf_c.o ABSOLUTE
    ../clib/printf_percent.s                 0x00000000   Number         0  _printf_s.o ABSOLUTE
    ../clib/printf_percent.s                 0x00000000   Number         0  _printf_n.o ABSOLUTE
    ../clib/printf_percent.s                 0x00000000   Number         0  _printf_x.o ABSOLUTE
    ../clib/printf_percent.s                 0x00000000   Number         0  _printf_p.o ABSOLUTE
    ../clib/printf_percent.s                 0x00000000   Number         0  _printf_o.o ABSOLUTE
    ../clib/printf_percent.s                 0x00000000   Number         0  _printf_i.o ABSOLUTE
    ../clib/printf_percent.s                 0x00000000   Number         0  _printf_d.o ABSOLUTE
    ../clib/printf_percent.s                 0x00000000   Number         0  _printf_u.o ABSOLUTE
    ../clib/printf_percent.s                 0x00000000   Number         0  _printf_f.o ABSOLUTE
    ../clib/printf_percent.s                 0x00000000   Number         0  _printf_e.o ABSOLUTE
    ../clib/printf_percent.s                 0x00000000   Number         0  _printf_g.o ABSOLUTE
    ../clib/printf_percent.s                 0x00000000   Number         0  _printf_a.o ABSOLUTE
    ../clib/printf_percent.s                 0x00000000   Number         0  _printf_percent.o ABSOLUTE
    ../clib/printf_percent.s                 0x00000000   Number         0  _printf_lli.o ABSOLUTE
    ../clib/printf_percent.s                 0x00000000   Number         0  _printf_lld.o ABSOLUTE
    ../clib/printf_percent.s                 0x00000000   Number         0  _printf_llu.o ABSOLUTE
    ../clib/printf_percent.s                 0x00000000   Number         0  _printf_ll.o ABSOLUTE
    ../clib/printf_percent.s                 0x00000000   Number         0  _printf_l.o ABSOLUTE
    ../clib/printf_percent.s                 0x00000000   Number         0  _printf_lc.o ABSOLUTE
    ../clib/printf_percent.s                 0x00000000   Number         0  _printf_ls.o ABSOLUTE
    ../clib/printf_percent.s                 0x00000000   Number         0  _printf_llo.o ABSOLUTE
    ../clib/printf_percent.s                 0x00000000   Number         0  _printf_llx.o ABSOLUTE
    ../clib/printf_percent.s                 0x00000000   Number         0  _printf_percent_end.o ABSOLUTE
    ../clib/signal.c                         0x00000000   Number         0  defsig_rtmem_outer.o ABSOLUTE
    ../clib/signal.c                         0x00000000   Number         0  defsig_rtmem_formal.o ABSOLUTE
    ../clib/signal.c                         0x00000000   Number         0  defsig_exit.o ABSOLUTE
    ../clib/signal.c                         0x00000000   Number         0  defsig_rtmem_inner.o ABSOLUTE
    ../clib/signal.c                         0x00000000   Number         0  __raise.o ABSOLUTE
    ../clib/signal.c                         0x00000000   Number         0  defsig_general.o ABSOLUTE
    ../clib/signal.c                         0x00000000   Number         0  defsig_abrt_inner.o ABSOLUTE
    ../clib/signal.c                         0x00000000   Number         0  defsig_fpe_inner.o ABSOLUTE
    ../clib/signal.c                         0x00000000   Number         0  defsig_rtred_inner.o ABSOLUTE
    ../clib/signal.c                         0x00000000   Number         0  defsig_stak_inner.o ABSOLUTE
    ../clib/signal.c                         0x00000000   Number         0  defsig_pvfn_inner.o ABSOLUTE
    ../clib/signal.c                         0x00000000   Number         0  defsig_cppl_inner.o ABSOLUTE
    ../clib/signal.c                         0x00000000   Number         0  defsig_segv_inner.o ABSOLUTE
    ../clib/signal.c                         0x00000000   Number         0  defsig_other.o ABSOLUTE
    ../clib/signal.s                         0x00000000   Number         0  defsig.o ABSOLUTE
    ../clib/stdlib.c                         0x00000000   Number         0  exit.o ABSOLUTE
    ../fplib/fpinit.s                        0x00000000   Number         0  fpinit.o ABSOLUTE
    ../fplib/fpinit_empty.s                  0x00000000   Number         0  fpinit_empty.o ABSOLUTE
    ../fplib/istatus.s                       0x00000000   Number         0  istatus.o ABSOLUTE
    ../fplib/printf1.s                       0x00000000   Number         0  printf1.o ABSOLUTE
    ../fplib/printf2.s                       0x00000000   Number         0  printf2.o ABSOLUTE
    ../fplib/printf2a.s                      0x00000000   Number         0  printf2a.o ABSOLUTE
    ../fplib/printf2b.s                      0x00000000   Number         0  printf2b.o ABSOLUTE
    ../fplib/usenofp.s                       0x00000000   Number         0  usenofp.o ABSOLUTE
    ../mathlib/fpclassify.c                  0x00000000   Number         0  fpclassify.o ABSOLUTE
    PCF8574_drive.c                          0x00000000   Number         0  pcf8574_drive.o ABSOLUTE
    RTE/Device/STM32F103C8/startup_stm32f10x_md.s 0x00000000   Number         0  startup_stm32f10x_md.o ABSOLUTE
    dc.s                                     0x00000000   Number         0  dc.o ABSOLUTE
    gp_drive.c                               0x00000000   Number         0  gp_drive.o ABSOLUTE
    i2c_drive.c                              0x00000000   Number         0  i2c_drive.o ABSOLUTE
    lcd_1602_drive.c                         0x00000000   Number         0  lcd_1602_drive.o ABSOLUTE
    main.c                                   0x00000000   Number         0  main.o ABSOLUTE
    system_stm32f10x.c                       0x00000000   Number         0  system_stm32f10x.o ABSOLUTE
    systick_time.c                           0x00000000   Number         0  systick_time.o ABSOLUTE
    RESET                                    0x08000000   Section      236  startup_stm32f10x_md.o(RESET)
    !!!main                                  0x080000ec   Section        8  __main.o(!!!main)
    !!!scatter                               0x080000f4   Section       92  __scatter.o(!!!scatter)
    !!handler_copy                           0x08000150   Section       26  __scatter_copy.o(!!handler_copy)
    !!handler_null                           0x0800016c   Section        2  __scatter.o(!!handler_null)
    !!handler_zi                             0x08000170   Section       28  __scatter_zi.o(!!handler_zi)
    .ARM.Collect$$_printf_percent$$00000000  0x0800018c   Section        0  _printf_percent.o(.ARM.Collect$$_printf_percent$$00000000)
    .ARM.Collect$$_printf_percent$$00000001  0x0800018c   Section        6  _printf_n.o(.ARM.Collect$$_printf_percent$$00000001)
    .ARM.Collect$$_printf_percent$$00000002  0x08000192   Section        6  _printf_p.o(.ARM.Collect$$_printf_percent$$00000002)
    .ARM.Collect$$_printf_percent$$00000003  0x08000198   Section        6  _printf_f.o(.ARM.Collect$$_printf_percent$$00000003)
    .ARM.Collect$$_printf_percent$$00000004  0x0800019e   Section        6  _printf_e.o(.ARM.Collect$$_printf_percent$$00000004)
    .ARM.Collect$$_printf_percent$$00000005  0x080001a4   Section        6  _printf_g.o(.ARM.Collect$$_printf_percent$$00000005)
    .ARM.Collect$$_printf_percent$$00000006  0x080001aa   Section        6  _printf_a.o(.ARM.Collect$$_printf_percent$$00000006)
    .ARM.Collect$$_printf_percent$$00000007  0x080001b0   Section       10  _printf_ll.o(.ARM.Collect$$_printf_percent$$00000007)
    .ARM.Collect$$_printf_percent$$00000008  0x080001ba   Section        6  _printf_i.o(.ARM.Collect$$_printf_percent$$00000008)
    .ARM.Collect$$_printf_percent$$00000009  0x080001c0   Section        6  _printf_d.o(.ARM.Collect$$_printf_percent$$00000009)
    .ARM.Collect$$_printf_percent$$0000000A  0x080001c6   Section        6  _printf_u.o(.ARM.Collect$$_printf_percent$$0000000A)
    .ARM.Collect$$_printf_percent$$0000000B  0x080001cc   Section        6  _printf_o.o(.ARM.Collect$$_printf_percent$$0000000B)
    .ARM.Collect$$_printf_percent$$0000000C  0x080001d2   Section        6  _printf_x.o(.ARM.Collect$$_printf_percent$$0000000C)
    .ARM.Collect$$_printf_percent$$0000000D  0x080001d8   Section        6  _printf_lli.o(.ARM.Collect$$_printf_percent$$0000000D)
    .ARM.Collect$$_printf_percent$$0000000E  0x080001de   Section        6  _printf_lld.o(.ARM.Collect$$_printf_percent$$0000000E)
    .ARM.Collect$$_printf_percent$$0000000F  0x080001e4   Section        6  _printf_llu.o(.ARM.Collect$$_printf_percent$$0000000F)
    .ARM.Collect$$_printf_percent$$00000010  0x080001ea   Section        6  _printf_llo.o(.ARM.Collect$$_printf_percent$$00000010)
    .ARM.Collect$$_printf_percent$$00000011  0x080001f0   Section        6  _printf_llx.o(.ARM.Collect$$_printf_percent$$00000011)
    .ARM.Collect$$_printf_percent$$00000012  0x080001f6   Section       10  _printf_l.o(.ARM.Collect$$_printf_percent$$00000012)
    .ARM.Collect$$_printf_percent$$00000013  0x08000200   Section        6  _printf_c.o(.ARM.Collect$$_printf_percent$$00000013)
    .ARM.Collect$$_printf_percent$$00000014  0x08000206   Section        6  _printf_s.o(.ARM.Collect$$_printf_percent$$00000014)
    .ARM.Collect$$_printf_percent$$00000015  0x0800020c   Section        6  _printf_lc.o(.ARM.Collect$$_printf_percent$$00000015)
    .ARM.Collect$$_printf_percent$$00000016  0x08000212   Section        6  _printf_ls.o(.ARM.Collect$$_printf_percent$$00000016)
    .ARM.Collect$$_printf_percent$$00000017  0x08000218   Section        4  _printf_percent_end.o(.ARM.Collect$$_printf_percent$$00000017)
    .ARM.Collect$$libinit$$00000000          0x0800021c   Section        2  libinit.o(.ARM.Collect$$libinit$$00000000)
    .ARM.Collect$$libinit$$00000002          0x0800021e   Section        0  libinit2.o(.ARM.Collect$$libinit$$00000002)
    .ARM.Collect$$libinit$$00000004          0x0800021e   Section        0  libinit2.o(.ARM.Collect$$libinit$$00000004)
    .ARM.Collect$$libinit$$00000006          0x0800021e   Section        0  libinit2.o(.ARM.Collect$$libinit$$00000006)
    .ARM.Collect$$libinit$$0000000C          0x0800021e   Section        0  libinit2.o(.ARM.Collect$$libinit$$0000000C)
    .ARM.Collect$$libinit$$0000000E          0x0800021e   Section        0  libinit2.o(.ARM.Collect$$libinit$$0000000E)
    .ARM.Collect$$libinit$$00000010          0x0800021e   Section        0  libinit2.o(.ARM.Collect$$libinit$$00000010)
    .ARM.Collect$$libinit$$00000011          0x0800021e   Section        6  libinit2.o(.ARM.Collect$$libinit$$00000011)
    .ARM.Collect$$libinit$$00000013          0x08000224   Section        0  libinit2.o(.ARM.Collect$$libinit$$00000013)
    .ARM.Collect$$libinit$$00000014          0x08000224   Section       12  libinit2.o(.ARM.Collect$$libinit$$00000014)
    .ARM.Collect$$libinit$$00000015          0x08000230   Section        0  libinit2.o(.ARM.Collect$$libinit$$00000015)
    .ARM.Collect$$libinit$$00000017          0x08000230   Section        0  libinit2.o(.ARM.Collect$$libinit$$00000017)
    .ARM.Collect$$libinit$$00000018          0x08000230   Section       10  libinit2.o(.ARM.Collect$$libinit$$00000018)
    .ARM.Collect$$libinit$$00000019          0x0800023a   Section        0  libinit2.o(.ARM.Collect$$libinit$$00000019)
    .ARM.Collect$$libinit$$0000001B          0x0800023a   Section        0  libinit2.o(.ARM.Collect$$libinit$$0000001B)
    .ARM.Collect$$libinit$$0000001D          0x0800023a   Section        0  libinit2.o(.ARM.Collect$$libinit$$0000001D)
    .ARM.Collect$$libinit$$0000001F          0x0800023a   Section        0  libinit2.o(.ARM.Collect$$libinit$$0000001F)
    .ARM.Collect$$libinit$$00000021          0x0800023a   Section        0  libinit2.o(.ARM.Collect$$libinit$$00000021)
    .ARM.Collect$$libinit$$00000023          0x0800023a   Section        0  libinit2.o(.ARM.Collect$$libinit$$00000023)
    .ARM.Collect$$libinit$$00000025          0x0800023a   Section        0  libinit2.o(.ARM.Collect$$libinit$$00000025)
    .ARM.Collect$$libinit$$00000027          0x0800023a   Section        0  libinit2.o(.ARM.Collect$$libinit$$00000027)
    .ARM.Collect$$libinit$$0000002E          0x0800023a   Section        0  libinit2.o(.ARM.Collect$$libinit$$0000002E)
    .ARM.Collect$$libinit$$00000030          0x0800023a   Section        0  libinit2.o(.ARM.Collect$$libinit$$00000030)
    .ARM.Collect$$libinit$$00000032          0x0800023a   Section        0  libinit2.o(.ARM.Collect$$libinit$$00000032)
    .ARM.Collect$$libinit$$00000034          0x0800023a   Section        0  libinit2.o(.ARM.Collect$$libinit$$00000034)
    .ARM.Collect$$libinit$$00000035          0x0800023a   Section        2  libinit2.o(.ARM.Collect$$libinit$$00000035)
    .ARM.Collect$$libshutdown$$00000000      0x0800023c   Section        2  libshutdown.o(.ARM.Collect$$libshutdown$$00000000)
    .ARM.Collect$$libshutdown$$00000002      0x0800023e   Section        0  libshutdown2.o(.ARM.Collect$$libshutdown$$00000002)
    .ARM.Collect$$libshutdown$$00000004      0x0800023e   Section        0  libshutdown2.o(.ARM.Collect$$libshutdown$$00000004)
    .ARM.Collect$$libshutdown$$00000007      0x0800023e   Section        0  libshutdown2.o(.ARM.Collect$$libshutdown$$00000007)
    .ARM.Collect$$libshutdown$$0000000A      0x0800023e   Section        0  libshutdown2.o(.ARM.Collect$$libshutdown$$0000000A)
    .ARM.Collect$$libshutdown$$0000000C      0x0800023e   Section        0  libshutdown2.o(.ARM.Collect$$libshutdown$$0000000C)
    .ARM.Collect$$libshutdown$$0000000F      0x0800023e   Section        0  libshutdown2.o(.ARM.Collect$$libshutdown$$0000000F)
    .ARM.Collect$$libshutdown$$00000010      0x0800023e   Section        2  libshutdown2.o(.ARM.Collect$$libshutdown$$00000010)
    .ARM.Collect$$rtentry$$00000000          0x08000240   Section        0  __rtentry.o(.ARM.Collect$$rtentry$$00000000)
    .ARM.Collect$$rtentry$$00000002          0x08000240   Section        0  __rtentry2.o(.ARM.Collect$$rtentry$$00000002)
    .ARM.Collect$$rtentry$$00000004          0x08000240   Section        6  __rtentry4.o(.ARM.Collect$$rtentry$$00000004)
    .ARM.Collect$$rtentry$$00000009          0x08000246   Section        0  __rtentry2.o(.ARM.Collect$$rtentry$$00000009)
    .ARM.Collect$$rtentry$$0000000A          0x08000246   Section        4  __rtentry2.o(.ARM.Collect$$rtentry$$0000000A)
    .ARM.Collect$$rtentry$$0000000C          0x0800024a   Section        0  __rtentry2.o(.ARM.Collect$$rtentry$$0000000C)
    .ARM.Collect$$rtentry$$0000000D          0x0800024a   Section        8  __rtentry2.o(.ARM.Collect$$rtentry$$0000000D)
    .ARM.Collect$$rtexit$$00000000           0x08000252   Section        2  rtexit.o(.ARM.Collect$$rtexit$$00000000)
    .ARM.Collect$$rtexit$$00000002           0x08000254   Section        0  rtexit2.o(.ARM.Collect$$rtexit$$00000002)
    .ARM.Collect$$rtexit$$00000003           0x08000254   Section        4  rtexit2.o(.ARM.Collect$$rtexit$$00000003)
    .ARM.Collect$$rtexit$$00000004           0x08000258   Section        6  rtexit2.o(.ARM.Collect$$rtexit$$00000004)
    .text                                    0x08000260   Section       64  startup_stm32f10x_md.o(.text)
    .text                                    0x080002a0   Section        0  sprintf.o(.text)
    .text                                    0x080002cc   Section        0  heapauxi.o(.text)
    .text                                    0x080002d2   Section        0  _printf_pad.o(.text)
    .text                                    0x08000320   Section        0  _printf_truncate.o(.text)
    .text                                    0x08000344   Section        0  _printf_str.o(.text)
    .text                                    0x08000398   Section        0  _printf_dec.o(.text)
    .text                                    0x08000410   Section        0  _printf_charcount.o(.text)
    _printf_input_char                       0x08000439   Thumb Code    10  _printf_char_common.o(.text)
    .text                                    0x08000438   Section        0  _printf_char_common.o(.text)
    .text                                    0x08000468   Section        0  _sputc.o(.text)
    .text                                    0x08000474   Section        0  _printf_wctomb.o(.text)
    .text                                    0x08000530   Section        0  _printf_longlong_dec.o(.text)
    _printf_longlong_oct_internal            0x080005ad   Thumb Code     0  _printf_oct_int_ll.o(.text)
    .text                                    0x080005ac   Section        0  _printf_oct_int_ll.o(.text)
    _printf_hex_common                       0x0800061d   Thumb Code     0  _printf_hex_int_ll_ptr.o(.text)
    .text                                    0x0800061c   Section        0  _printf_hex_int_ll_ptr.o(.text)
    .text                                    0x080006b0   Section        0  __printf_flags_ss_wp.o(.text)
    .text                                    0x08000838   Section      138  lludiv10.o(.text)
    .text                                    0x080008c2   Section        0  _printf_intcommon.o(.text)
    _fp_digits                               0x08000975   Thumb Code   432  _printf_fp_dec.o(.text)
    .text                                    0x08000974   Section        0  _printf_fp_dec.o(.text)
    .text                                    0x08000d90   Section        0  _printf_fp_hex.o(.text)
    .text                                    0x0800108c   Section        0  _printf_char.o(.text)
    .text                                    0x080010b8   Section        0  _printf_wchar.o(.text)
    .text                                    0x080010e4   Section        0  _c16rtomb.o(.text)
    .text                                    0x0800112c   Section       74  sys_stackheap_outer.o(.text)
    .text                                    0x08001178   Section       16  rt_ctype_table.o(.text)
    .text                                    0x08001188   Section        8  rt_locale_intlibspace.o(.text)
    .text                                    0x08001190   Section        0  _printf_fp_infnan.o(.text)
    .text                                    0x08001210   Section        0  bigflt0.o(.text)
    .text                                    0x080012f4   Section        0  exit.o(.text)
    .text                                    0x08001308   Section        8  libspace.o(.text)
    .text                                    0x08001310   Section      128  strcmpv7m.o(.text)
    .text                                    0x08001390   Section        0  sys_exit.o(.text)
    .text                                    0x0800139c   Section        2  use_no_semi.o(.text)
    .text                                    0x0800139e   Section        0  indicate_semi.o(.text)
    [Anonymous Symbol]                       0x080013a0   Section        0  systick_time.o(.text.DelayMillis)
    [Anonymous Symbol]                       0x080013d8   Section        0  systick_time.o(.text.DelayMs)
    [Anonymous Symbol]                       0x080013f8   Section        0  systick_time.o(.text.DelayUs)
    [Anonymous Symbol]                       0x08001418   Section        0  systick_time.o(.text.Delaymicro)
    [Anonymous Symbol]                       0x08001448   Section        0  main.o(.text.EXTI3_IRQHandler)
    [Anonymous Symbol]                       0x080014fc   Section        0  main.o(.text.EXTI4_IRQHandler)
    [Anonymous Symbol]                       0x080015b0   Section        0  main.o(.text.EXTI9_5_IRQHandler)
    GPIO_Init                                0x08001665   Thumb Code    74  main.o(.text.GPIO_Init)
    [Anonymous Symbol]                       0x08001664   Section        0  main.o(.text.GPIO_Init)
    Interupt_Config                          0x080016b1   Thumb Code   228  main.o(.text.Interupt_Config)
    [Anonymous Symbol]                       0x080016b0   Section        0  main.o(.text.Interupt_Config)
    [Anonymous Symbol]                       0x08001794   Section        0  pcf8574_drive.o(.text.PCF8574_add)
    [Anonymous Symbol]                       0x080017b4   Section        0  pcf8574_drive.o(.text.PCF8574_tx_byte)
    PLLInit                                  0x080017ed   Thumb Code   174  main.o(.text.PLLInit)
    [Anonymous Symbol]                       0x080017ec   Section        0  main.o(.text.PLLInit)
    SetSysClock                              0x0800189d   Thumb Code     8  system_stm32f10x.o(.text.SetSysClock)
    [Anonymous Symbol]                       0x0800189c   Section        0  system_stm32f10x.o(.text.SetSysClock)
    SetSysClockTo72                          0x080018a5   Thumb Code   290  system_stm32f10x.o(.text.SetSysClockTo72)
    [Anonymous Symbol]                       0x080018a4   Section        0  system_stm32f10x.o(.text.SetSysClockTo72)
    [Anonymous Symbol]                       0x080019c8   Section        0  system_stm32f10x.o(.text.SystemCoreClockUpdate)
    [Anonymous Symbol]                       0x08001aec   Section        0  system_stm32f10x.o(.text.SystemInit)
    [Anonymous Symbol]                       0x08001b54   Section        0  main.o(.text.TIM2_IRQHandler)
    [Anonymous Symbol]                       0x08001b84   Section        0  main.o(.text.TIM3_IRQHandler)
    [Anonymous Symbol]                       0x08001bb8   Section        0  main.o(.text.TIM4_IRQHandler)
    TIM_Init                                 0x08001c11   Thumb Code   136  main.o(.text.TIM_Init)
    [Anonymous Symbol]                       0x08001c10   Section        0  main.o(.text.TIM_Init)
    TimerDelayMs                             0x08001c99   Thumb Code   716  main.o(.text.TimerDelayMs)
    [Anonymous Symbol]                       0x08001c98   Section        0  main.o(.text.TimerDelayMs)
    __NVIC_EnableIRQ                         0x08001f65   Thumb Code    48  main.o(.text.__NVIC_EnableIRQ)
    [Anonymous Symbol]                       0x08001f64   Section        0  main.o(.text.__NVIC_EnableIRQ)
    __NVIC_SetPriority                       0x08001f95   Thumb Code    66  main.o(.text.__NVIC_SetPriority)
    [Anonymous Symbol]                       0x08001f94   Section        0  main.o(.text.__NVIC_SetPriority)
    [Anonymous Symbol]                       0x08001fd8   Section        0  i2c_drive.o(.text.i2c_add)
    [Anonymous Symbol]                       0x080020cc   Section        0  i2c_drive.o(.text.i2c_data)
    [Anonymous Symbol]                       0x08002168   Section        0  i2c_drive.o(.text.i2c_init)
    [Anonymous Symbol]                       0x08002288   Section        0  i2c_drive.o(.text.i2c_start)
    [Anonymous Symbol]                       0x080022f4   Section        0  i2c_drive.o(.text.i2c_stop)
    [Anonymous Symbol]                       0x08002368   Section        0  gp_drive.o(.text.init_GP)
    [Anonymous Symbol]                       0x0800246c   Section        0  lcd_1602_drive.o(.text.lcd_blank_1)
    [Anonymous Symbol]                       0x0800248c   Section        0  lcd_1602_drive.o(.text.lcd_blank_12)
    [Anonymous Symbol]                       0x080024a8   Section        0  lcd_1602_drive.o(.text.lcd_blank_2)
    [Anonymous Symbol]                       0x080024c8   Section        0  lcd_1602_drive.o(.text.lcd_i2c_cmd)
    [Anonymous Symbol]                       0x0800256c   Section        0  lcd_1602_drive.o(.text.lcd_i2c_data)
    [Anonymous Symbol]                       0x08002610   Section        0  lcd_1602_drive.o(.text.lcd_i2c_init)
    [Anonymous Symbol]                       0x08002778   Section        0  lcd_1602_drive.o(.text.lcd_i2c_msg)
    [Anonymous Symbol]                       0x080027e0   Section        0  lcd_1602_drive.o(.text.lcd_i2c_send)
    [Anonymous Symbol]                       0x0800281c   Section        0  main.o(.text.main)
    sendRemaningTime                         0x080028d9   Thumb Code   698  main.o(.text.sendRemaningTime)
    [Anonymous Symbol]                       0x080028d8   Section        0  main.o(.text.sendRemaningTime)
    [Anonymous Symbol]                       0x08002b94   Section        0  systick_time.o(.text.systick_init)
    CL$$btod_d2e                             0x08002bbe   Section       62  btod.o(CL$$btod_d2e)
    CL$$btod_d2e_denorm_low                  0x08002bfc   Section       70  btod.o(CL$$btod_d2e_denorm_low)
    CL$$btod_d2e_norm_op1                    0x08002c42   Section       96  btod.o(CL$$btod_d2e_norm_op1)
    CL$$btod_div_common                      0x08002ca4   Section      824  btod.o(CL$$btod_div_common)
    CL$$btod_e2e                             0x08002fdc   Section      220  btod.o(CL$$btod_e2e)
    CL$$btod_ediv                            0x080030b8   Section       42  btod.o(CL$$btod_ediv)
    CL$$btod_emul                            0x080030e2   Section       42  btod.o(CL$$btod_emul)
    CL$$btod_mult_common                     0x0800310c   Section      580  btod.o(CL$$btod_mult_common)
    i.__ARM_fpclassify                       0x08003350   Section        0  fpclassify.o(i.__ARM_fpclassify)
    i._is_digit                              0x08003378   Section        0  __printf_wp.o(i._is_digit)
    locale$$code                             0x08003388   Section       44  lc_numeric_c.o(locale$$code)
    locale$$code                             0x080033b4   Section       44  lc_ctype_c.o(locale$$code)
    x$fpl$printf1                            0x080033e0   Section        4  printf1.o(x$fpl$printf1)
    x$fpl$printf2                            0x080033e4   Section        4  printf2.o(x$fpl$printf2)
    initial_mbstate                          0x080033e8   Data           8  _printf_wctomb.o(.constdata)
    .constdata                               0x080033e8   Section        8  _printf_wctomb.o(.constdata)
    x$fpl$usenofp                            0x080033e8   Section        0  usenofp.o(x$fpl$usenofp)
    uc_hextab                                0x080033f0   Data          20  _printf_hex_int_ll_ptr.o(.constdata)
    .constdata                               0x080033f0   Section       40  _printf_hex_int_ll_ptr.o(.constdata)
    lc_hextab                                0x08003404   Data          20  _printf_hex_int_ll_ptr.o(.constdata)
    maptable                                 0x08003418   Data          17  __printf_flags_ss_wp.o(.constdata)
    .constdata                               0x08003418   Section       17  __printf_flags_ss_wp.o(.constdata)
    lc_hextab                                0x08003429   Data          19  _printf_fp_hex.o(.constdata)
    .constdata                               0x08003429   Section       38  _printf_fp_hex.o(.constdata)
    uc_hextab                                0x0800343c   Data          19  _printf_fp_hex.o(.constdata)
    tenpwrs_x                                0x08003450   Data          60  bigflt0.o(.constdata)
    .constdata                               0x08003450   Section      148  bigflt0.o(.constdata)
    tenpwrs_i                                0x0800348c   Data          64  bigflt0.o(.constdata)
    .L.str.1                                 0x080036ac   Data           3  main.o(.rodata.str1.1)
    [Anonymous Symbol]                       0x080036ac   Section        0  main.o(.rodata.str1.1)
    .L.str                                   0x080036af   Data           5  main.o(.rodata.str1.1)
    .L.str                                   0x080036b4   Data          17  lcd_1602_drive.o(.rodata.str1.1)
    [Anonymous Symbol]                       0x080036b4   Section        0  lcd_1602_drive.o(.rodata.str1.1)
    locale$$data                             0x080036e8   Section       28  lc_numeric_c.o(locale$$data)
    __lcnum_c_name                           0x080036ec   Data           2  lc_numeric_c.o(locale$$data)
    __lcnum_c_start                          0x080036f4   Data           0  lc_numeric_c.o(locale$$data)
    __lcnum_c_point                          0x08003700   Data           0  lc_numeric_c.o(locale$$data)
    __lcnum_c_thousands                      0x08003702   Data           0  lc_numeric_c.o(locale$$data)
    __lcnum_c_grouping                       0x08003703   Data           0  lc_numeric_c.o(locale$$data)
    __lcnum_c_end                            0x08003704   Data           0  lc_numeric_c.o(locale$$data)
    locale$$data                             0x08003704   Section      272  lc_ctype_c.o(locale$$data)
    __lcctype_c_name                         0x08003708   Data           2  lc_ctype_c.o(locale$$data)
    __lcctype_c_start                        0x08003710   Data           0  lc_ctype_c.o(locale$$data)
    __lcctype_c_end                          0x08003814   Data           0  lc_ctype_c.o(locale$$data)
    .bss                                     0x20000008   Section       96  libspace.o(.bss)
    Heap_Mem                                 0x200000d8   Data         512  startup_stm32f10x_md.o(HEAP)
    HEAP                                     0x200000d8   Section      512  startup_stm32f10x_md.o(HEAP)
    Stack_Mem                                0x200002d8   Data        1024  startup_stm32f10x_md.o(STACK)
    STACK                                    0x200002d8   Section     1024  startup_stm32f10x_md.o(STACK)
    __initial_sp                             0x200006d8   Data           0  startup_stm32f10x_md.o(STACK)

    Global Symbols

    Symbol Name                              Value     Ov Type        Size  Object(Section)

    BuildAttributes$$THM_ISAv4$P$D$K$B$S$PE$A:L22UL41UL21$X:L11$S22US41US21$IEEE1$IW$~IW$USESV6$~STKCKD$USESV7$~SHL$OTIME$ROPI$IEEEJ$EBA8$UX$STANDARDLIB$REQ8$PRES8$EABIv2 0x00000000   Number         0  anon$$obj.o ABSOLUTE
    __fp_init_empty                          0x00000000   Number         0  fpinit_empty.o ABSOLUTE
    _printf_flags                            0x00000000   Number         0  printf_stubs.o ABSOLUTE
    _printf_return_value                     0x00000000   Number         0  printf_stubs.o ABSOLUTE
    _printf_sizespec                         0x00000000   Number         0  printf_stubs.o ABSOLUTE
    _printf_widthprec                        0x00000000   Number         0  printf_stubs.o ABSOLUTE
    __ARM_exceptions_init                     - Undefined Weak Reference
    __alloca_initialize                       - Undefined Weak Reference
    __arm_preinit_                            - Undefined Weak Reference
    __arm_relocate_pie_                       - Undefined Weak Reference
    __cpp_initialize__aeabi_                  - Undefined Weak Reference
    __cxa_finalize                            - Undefined Weak Reference
    __sigvec_lookup                           - Undefined Weak Reference
    _atexit_init                              - Undefined Weak Reference
    _call_atexit_fns                          - Undefined Weak Reference
    _clock_init                               - Undefined Weak Reference
    _fp_trap_init                             - Undefined Weak Reference
    _fp_trap_shutdown                         - Undefined Weak Reference
    _get_lc_collate                           - Undefined Weak Reference
    _get_lc_monetary                          - Undefined Weak Reference
    _get_lc_time                              - Undefined Weak Reference
    _getenv_init                              - Undefined Weak Reference
    _handle_redirection                       - Undefined Weak Reference
    _init_alloc                               - Undefined Weak Reference
    _init_user_alloc                          - Undefined Weak Reference
    _initio                                   - Undefined Weak Reference
    _printf_mbtowc                            - Undefined Weak Reference
    _printf_wc                                - Undefined Weak Reference
    _rand_init                                - Undefined Weak Reference
    _signal_finish                            - Undefined Weak Reference
    _signal_init                              - Undefined Weak Reference
    _terminate_alloc                          - Undefined Weak Reference
    _terminate_user_alloc                     - Undefined Weak Reference
    _terminateio                              - Undefined Weak Reference
    __Vectors_Size                           0x000000ec   Number         0  startup_stm32f10x_md.o ABSOLUTE
    __Vectors                                0x08000000   Data           4  startup_stm32f10x_md.o(RESET)
    __Vectors_End                            0x080000ec   Data           0  startup_stm32f10x_md.o(RESET)
    __main                                   0x080000ed   Thumb Code     8  __main.o(!!!main)
    __scatterload                            0x080000f5   Thumb Code     0  __scatter.o(!!!scatter)
    __scatterload_rt2                        0x080000f5   Thumb Code    84  __scatter.o(!!!scatter)
    __scatterload_rt2_thumb_only             0x080000f5   Thumb Code     0  __scatter.o(!!!scatter)
    __scatterload_loop                       0x080000ff   Thumb Code     0  __scatter.o(!!!scatter)
    __scatterload_copy                       0x08000151   Thumb Code    26  __scatter_copy.o(!!handler_copy)
    __scatterload_null                       0x0800016d   Thumb Code     2  __scatter.o(!!handler_null)
    __scatterload_zeroinit                   0x08000171   Thumb Code    28  __scatter_zi.o(!!handler_zi)
    _printf_n                                0x0800018d   Thumb Code     0  _printf_n.o(.ARM.Collect$$_printf_percent$$00000001)
    _printf_percent                          0x0800018d   Thumb Code     0  _printf_percent.o(.ARM.Collect$$_printf_percent$$00000000)
    _printf_p                                0x08000193   Thumb Code     0  _printf_p.o(.ARM.Collect$$_printf_percent$$00000002)
    _printf_f                                0x08000199   Thumb Code     0  _printf_f.o(.ARM.Collect$$_printf_percent$$00000003)
    _printf_e                                0x0800019f   Thumb Code     0  _printf_e.o(.ARM.Collect$$_printf_percent$$00000004)
    _printf_g                                0x080001a5   Thumb Code     0  _printf_g.o(.ARM.Collect$$_printf_percent$$00000005)
    _printf_a                                0x080001ab   Thumb Code     0  _printf_a.o(.ARM.Collect$$_printf_percent$$00000006)
    _printf_ll                               0x080001b1   Thumb Code     0  _printf_ll.o(.ARM.Collect$$_printf_percent$$00000007)
    _printf_i                                0x080001bb   Thumb Code     0  _printf_i.o(.ARM.Collect$$_printf_percent$$00000008)
    _printf_d                                0x080001c1   Thumb Code     0  _printf_d.o(.ARM.Collect$$_printf_percent$$00000009)
    _printf_u                                0x080001c7   Thumb Code     0  _printf_u.o(.ARM.Collect$$_printf_percent$$0000000A)
    _printf_o                                0x080001cd   Thumb Code     0  _printf_o.o(.ARM.Collect$$_printf_percent$$0000000B)
    _printf_x                                0x080001d3   Thumb Code     0  _printf_x.o(.ARM.Collect$$_printf_percent$$0000000C)
    _printf_lli                              0x080001d9   Thumb Code     0  _printf_lli.o(.ARM.Collect$$_printf_percent$$0000000D)
    _printf_lld                              0x080001df   Thumb Code     0  _printf_lld.o(.ARM.Collect$$_printf_percent$$0000000E)
    _printf_llu                              0x080001e5   Thumb Code     0  _printf_llu.o(.ARM.Collect$$_printf_percent$$0000000F)
    _printf_llo                              0x080001eb   Thumb Code     0  _printf_llo.o(.ARM.Collect$$_printf_percent$$00000010)
    _printf_llx                              0x080001f1   Thumb Code     0  _printf_llx.o(.ARM.Collect$$_printf_percent$$00000011)
    _printf_l                                0x080001f7   Thumb Code     0  _printf_l.o(.ARM.Collect$$_printf_percent$$00000012)
    _printf_c                                0x08000201   Thumb Code     0  _printf_c.o(.ARM.Collect$$_printf_percent$$00000013)
    _printf_s                                0x08000207   Thumb Code     0  _printf_s.o(.ARM.Collect$$_printf_percent$$00000014)
    _printf_lc                               0x0800020d   Thumb Code     0  _printf_lc.o(.ARM.Collect$$_printf_percent$$00000015)
    _printf_ls                               0x08000213   Thumb Code     0  _printf_ls.o(.ARM.Collect$$_printf_percent$$00000016)
    _printf_percent_end                      0x08000219   Thumb Code     0  _printf_percent_end.o(.ARM.Collect$$_printf_percent$$00000017)
    __rt_lib_init                            0x0800021d   Thumb Code     0  libinit.o(.ARM.Collect$$libinit$$00000000)
    __rt_lib_init_fp_1                       0x0800021f   Thumb Code     0  libinit2.o(.ARM.Collect$$libinit$$00000002)
    __rt_lib_init_heap_1                     0x0800021f   Thumb Code     0  libinit2.o(.ARM.Collect$$libinit$$0000000C)
    __rt_lib_init_lc_common                  0x0800021f   Thumb Code     0  libinit2.o(.ARM.Collect$$libinit$$00000011)
    __rt_lib_init_preinit_1                  0x0800021f   Thumb Code     0  libinit2.o(.ARM.Collect$$libinit$$00000006)
    __rt_lib_init_rand_1                     0x0800021f   Thumb Code     0  libinit2.o(.ARM.Collect$$libinit$$00000010)
    __rt_lib_init_relocate_pie_1             0x0800021f   Thumb Code     0  libinit2.o(.ARM.Collect$$libinit$$00000004)
    __rt_lib_init_user_alloc_1               0x0800021f   Thumb Code     0  libinit2.o(.ARM.Collect$$libinit$$0000000E)
    __rt_lib_init_lc_collate_1               0x08000225   Thumb Code     0  libinit2.o(.ARM.Collect$$libinit$$00000013)
    __rt_lib_init_lc_ctype_2                 0x08000225   Thumb Code     0  libinit2.o(.ARM.Collect$$libinit$$00000014)
    __rt_lib_init_lc_ctype_1                 0x08000231   Thumb Code     0  libinit2.o(.ARM.Collect$$libinit$$00000015)
    __rt_lib_init_lc_monetary_1              0x08000231   Thumb Code     0  libinit2.o(.ARM.Collect$$libinit$$00000017)
    __rt_lib_init_lc_numeric_2               0x08000231   Thumb Code     0  libinit2.o(.ARM.Collect$$libinit$$00000018)
    __rt_lib_init_alloca_1                   0x0800023b   Thumb Code     0  libinit2.o(.ARM.Collect$$libinit$$00000030)
    __rt_lib_init_argv_1                     0x0800023b   Thumb Code     0  libinit2.o(.ARM.Collect$$libinit$$0000002E)
    __rt_lib_init_atexit_1                   0x0800023b   Thumb Code     0  libinit2.o(.ARM.Collect$$libinit$$0000001D)
    __rt_lib_init_clock_1                    0x0800023b   Thumb Code     0  libinit2.o(.ARM.Collect$$libinit$$00000023)
    __rt_lib_init_cpp_1                      0x0800023b   Thumb Code     0  libinit2.o(.ARM.Collect$$libinit$$00000034)
    __rt_lib_init_exceptions_1               0x0800023b   Thumb Code     0  libinit2.o(.ARM.Collect$$libinit$$00000032)
    __rt_lib_init_fp_trap_1                  0x0800023b   Thumb Code     0  libinit2.o(.ARM.Collect$$libinit$$00000021)
    __rt_lib_init_getenv_1                   0x0800023b   Thumb Code     0  libinit2.o(.ARM.Collect$$libinit$$00000025)
    __rt_lib_init_lc_numeric_1               0x0800023b   Thumb Code     0  libinit2.o(.ARM.Collect$$libinit$$00000019)
    __rt_lib_init_lc_time_1                  0x0800023b   Thumb Code     0  libinit2.o(.ARM.Collect$$libinit$$0000001B)
    __rt_lib_init_return                     0x0800023b   Thumb Code     0  libinit2.o(.ARM.Collect$$libinit$$00000035)
    __rt_lib_init_signal_1                   0x0800023b   Thumb Code     0  libinit2.o(.ARM.Collect$$libinit$$0000001F)
    __rt_lib_init_stdio_1                    0x0800023b   Thumb Code     0  libinit2.o(.ARM.Collect$$libinit$$00000027)
    __rt_lib_shutdown                        0x0800023d   Thumb Code     0  libshutdown.o(.ARM.Collect$$libshutdown$$00000000)
    __rt_lib_shutdown_cpp_1                  0x0800023f   Thumb Code     0  libshutdown2.o(.ARM.Collect$$libshutdown$$00000002)
    __rt_lib_shutdown_fp_trap_1              0x0800023f   Thumb Code     0  libshutdown2.o(.ARM.Collect$$libshutdown$$00000007)
    __rt_lib_shutdown_heap_1                 0x0800023f   Thumb Code     0  libshutdown2.o(.ARM.Collect$$libshutdown$$0000000F)
    __rt_lib_shutdown_return                 0x0800023f   Thumb Code     0  libshutdown2.o(.ARM.Collect$$libshutdown$$00000010)
    __rt_lib_shutdown_signal_1               0x0800023f   Thumb Code     0  libshutdown2.o(.ARM.Collect$$libshutdown$$0000000A)
    __rt_lib_shutdown_stdio_1                0x0800023f   Thumb Code     0  libshutdown2.o(.ARM.Collect$$libshutdown$$00000004)
    __rt_lib_shutdown_user_alloc_1           0x0800023f   Thumb Code     0  libshutdown2.o(.ARM.Collect$$libshutdown$$0000000C)
    __rt_entry                               0x08000241   Thumb Code     0  __rtentry.o(.ARM.Collect$$rtentry$$00000000)
    __rt_entry_presh_1                       0x08000241   Thumb Code     0  __rtentry2.o(.ARM.Collect$$rtentry$$00000002)
    __rt_entry_sh                            0x08000241   Thumb Code     0  __rtentry4.o(.ARM.Collect$$rtentry$$00000004)
    __rt_entry_li                            0x08000247   Thumb Code     0  __rtentry2.o(.ARM.Collect$$rtentry$$0000000A)
    __rt_entry_postsh_1                      0x08000247   Thumb Code     0  __rtentry2.o(.ARM.Collect$$rtentry$$00000009)
    __rt_entry_main                          0x0800024b   Thumb Code     0  __rtentry2.o(.ARM.Collect$$rtentry$$0000000D)
    __rt_entry_postli_1                      0x0800024b   Thumb Code     0  __rtentry2.o(.ARM.Collect$$rtentry$$0000000C)
    __rt_exit                                0x08000253   Thumb Code     0  rtexit.o(.ARM.Collect$$rtexit$$00000000)
    __rt_exit_ls                             0x08000255   Thumb Code     0  rtexit2.o(.ARM.Collect$$rtexit$$00000003)
    __rt_exit_prels_1                        0x08000255   Thumb Code     0  rtexit2.o(.ARM.Collect$$rtexit$$00000002)
    __rt_exit_exit                           0x08000259   Thumb Code     0  rtexit2.o(.ARM.Collect$$rtexit$$00000004)
    Reset_Handler                            0x08000261   Thumb Code     8  startup_stm32f10x_md.o(.text)
    NMI_Handler                              0x08000269   Thumb Code     2  startup_stm32f10x_md.o(.text)
    HardFault_Handler                        0x0800026b   Thumb Code     2  startup_stm32f10x_md.o(.text)
    MemManage_Handler                        0x0800026d   Thumb Code     2  startup_stm32f10x_md.o(.text)
    BusFault_Handler                         0x0800026f   Thumb Code     2  startup_stm32f10x_md.o(.text)
    UsageFault_Handler                       0x08000271   Thumb Code     2  startup_stm32f10x_md.o(.text)
    SVC_Handler                              0x08000273   Thumb Code     2  startup_stm32f10x_md.o(.text)
    DebugMon_Handler                         0x08000275   Thumb Code     2  startup_stm32f10x_md.o(.text)
    PendSV_Handler                           0x08000277   Thumb Code     2  startup_stm32f10x_md.o(.text)
    SysTick_Handler                          0x08000279   Thumb Code     2  startup_stm32f10x_md.o(.text)
    ADC1_2_IRQHandler                        0x0800027b   Thumb Code     0  startup_stm32f10x_md.o(.text)
    CAN1_RX1_IRQHandler                      0x0800027b   Thumb Code     0  startup_stm32f10x_md.o(.text)
    CAN1_SCE_IRQHandler                      0x0800027b   Thumb Code     0  startup_stm32f10x_md.o(.text)
    DMA1_Channel1_IRQHandler                 0x0800027b   Thumb Code     0  startup_stm32f10x_md.o(.text)
    DMA1_Channel2_IRQHandler                 0x0800027b   Thumb Code     0  startup_stm32f10x_md.o(.text)
    DMA1_Channel3_IRQHandler                 0x0800027b   Thumb Code     0  startup_stm32f10x_md.o(.text)
    DMA1_Channel4_IRQHandler                 0x0800027b   Thumb Code     0  startup_stm32f10x_md.o(.text)
    DMA1_Channel5_IRQHandler                 0x0800027b   Thumb Code     0  startup_stm32f10x_md.o(.text)
    DMA1_Channel6_IRQHandler                 0x0800027b   Thumb Code     0  startup_stm32f10x_md.o(.text)
    DMA1_Channel7_IRQHandler                 0x0800027b   Thumb Code     0  startup_stm32f10x_md.o(.text)
    EXTI0_IRQHandler                         0x0800027b   Thumb Code     0  startup_stm32f10x_md.o(.text)
    EXTI15_10_IRQHandler                     0x0800027b   Thumb Code     0  startup_stm32f10x_md.o(.text)
    EXTI1_IRQHandler                         0x0800027b   Thumb Code     0  startup_stm32f10x_md.o(.text)
    EXTI2_IRQHandler                         0x0800027b   Thumb Code     0  startup_stm32f10x_md.o(.text)
    FLASH_IRQHandler                         0x0800027b   Thumb Code     0  startup_stm32f10x_md.o(.text)
    I2C1_ER_IRQHandler                       0x0800027b   Thumb Code     0  startup_stm32f10x_md.o(.text)
    I2C1_EV_IRQHandler                       0x0800027b   Thumb Code     0  startup_stm32f10x_md.o(.text)
    I2C2_ER_IRQHandler                       0x0800027b   Thumb Code     0  startup_stm32f10x_md.o(.text)
    I2C2_EV_IRQHandler                       0x0800027b   Thumb Code     0  startup_stm32f10x_md.o(.text)
    PVD_IRQHandler                           0x0800027b   Thumb Code     0  startup_stm32f10x_md.o(.text)
    RCC_IRQHandler                           0x0800027b   Thumb Code     0  startup_stm32f10x_md.o(.text)
    RTCAlarm_IRQHandler                      0x0800027b   Thumb Code     0  startup_stm32f10x_md.o(.text)
    RTC_IRQHandler                           0x0800027b   Thumb Code     0  startup_stm32f10x_md.o(.text)
    SPI1_IRQHandler                          0x0800027b   Thumb Code     0  startup_stm32f10x_md.o(.text)
    SPI2_IRQHandler                          0x0800027b   Thumb Code     0  startup_stm32f10x_md.o(.text)
    TAMPER_IRQHandler                        0x0800027b   Thumb Code     0  startup_stm32f10x_md.o(.text)
    TIM1_BRK_IRQHandler                      0x0800027b   Thumb Code     0  startup_stm32f10x_md.o(.text)
    TIM1_CC_IRQHandler                       0x0800027b   Thumb Code     0  startup_stm32f10x_md.o(.text)
    TIM1_TRG_COM_IRQHandler                  0x0800027b   Thumb Code     0  startup_stm32f10x_md.o(.text)
    TIM1_UP_IRQHandler                       0x0800027b   Thumb Code     0  startup_stm32f10x_md.o(.text)
    USART1_IRQHandler                        0x0800027b   Thumb Code     0  startup_stm32f10x_md.o(.text)
    USART2_IRQHandler                        0x0800027b   Thumb Code     0  startup_stm32f10x_md.o(.text)
    USART3_IRQHandler                        0x0800027b   Thumb Code     0  startup_stm32f10x_md.o(.text)
    USBWakeUp_IRQHandler                     0x0800027b   Thumb Code     0  startup_stm32f10x_md.o(.text)
    USB_HP_CAN1_TX_IRQHandler                0x0800027b   Thumb Code     0  startup_stm32f10x_md.o(.text)
    USB_LP_CAN1_RX0_IRQHandler               0x0800027b   Thumb Code     0  startup_stm32f10x_md.o(.text)
    WWDG_IRQHandler                          0x0800027b   Thumb Code     0  startup_stm32f10x_md.o(.text)
    __user_initial_stackheap                 0x0800027d   Thumb Code     0  startup_stm32f10x_md.o(.text)
    sprintf                                  0x080002a1   Thumb Code    38  sprintf.o(.text)
    __use_two_region_memory                  0x080002cd   Thumb Code     2  heapauxi.o(.text)
    __rt_heap_escrow$2region                 0x080002cf   Thumb Code     2  heapauxi.o(.text)
    __rt_heap_expand$2region                 0x080002d1   Thumb Code     2  heapauxi.o(.text)
    _printf_pre_padding                      0x080002d3   Thumb Code    44  _printf_pad.o(.text)
    _printf_post_padding                     0x080002ff   Thumb Code    34  _printf_pad.o(.text)
    _printf_truncate_signed                  0x08000321   Thumb Code    18  _printf_truncate.o(.text)
    _printf_truncate_unsigned                0x08000333   Thumb Code    18  _printf_truncate.o(.text)
    _printf_str                              0x08000345   Thumb Code    82  _printf_str.o(.text)
    _printf_int_dec                          0x08000399   Thumb Code   104  _printf_dec.o(.text)
    _printf_charcount                        0x08000411   Thumb Code    40  _printf_charcount.o(.text)
    _printf_char_common                      0x08000443   Thumb Code    32  _printf_char_common.o(.text)
    _sputc                                   0x08000469   Thumb Code    10  _sputc.o(.text)
    _printf_wctomb                           0x08000475   Thumb Code   182  _printf_wctomb.o(.text)
    _printf_longlong_dec                     0x08000531   Thumb Code   108  _printf_longlong_dec.o(.text)
    _printf_longlong_oct                     0x080005ad   Thumb Code    68  _printf_oct_int_ll.o(.text)
    _printf_int_oct                          0x080005f1   Thumb Code    24  _printf_oct_int_ll.o(.text)
    _printf_ll_oct                           0x08000609   Thumb Code    12  _printf_oct_int_ll.o(.text)
    _printf_longlong_hex                     0x0800061d   Thumb Code    86  _printf_hex_int_ll_ptr.o(.text)
    _printf_int_hex                          0x08000673   Thumb Code    28  _printf_hex_int_ll_ptr.o(.text)
    _printf_ll_hex                           0x0800068f   Thumb Code    12  _printf_hex_int_ll_ptr.o(.text)
    _printf_hex_ptr                          0x0800069b   Thumb Code    18  _printf_hex_int_ll_ptr.o(.text)
    __printf                                 0x080006b1   Thumb Code   388  __printf_flags_ss_wp.o(.text)
    _ll_udiv10                               0x08000839   Thumb Code   138  lludiv10.o(.text)
    _printf_int_common                       0x080008c3   Thumb Code   178  _printf_intcommon.o(.text)
    _printf_fp_dec_real                      0x08000b25   Thumb Code   620  _printf_fp_dec.o(.text)
    _printf_fp_hex_real                      0x08000d91   Thumb Code   756  _printf_fp_hex.o(.text)
    _printf_cs_common                        0x0800108d   Thumb Code    20  _printf_char.o(.text)
    _printf_char                             0x080010a1   Thumb Code    16  _printf_char.o(.text)
    _printf_string                           0x080010b1   Thumb Code     8  _printf_char.o(.text)
    _printf_lcs_common                       0x080010b9   Thumb Code    20  _printf_wchar.o(.text)
    _printf_wchar                            0x080010cd   Thumb Code    16  _printf_wchar.o(.text)
    _printf_wstring                          0x080010dd   Thumb Code     8  _printf_wchar.o(.text)
    _c16rtomb                                0x080010e5   Thumb Code    72  _c16rtomb.o(.text)
    _wcrtomb                                 0x080010e5   Thumb Code     0  _c16rtomb.o(.text)
    __user_setup_stackheap                   0x0800112d   Thumb Code    74  sys_stackheap_outer.o(.text)
    __rt_ctype_table                         0x08001179   Thumb Code    16  rt_ctype_table.o(.text)
    __rt_locale                              0x08001189   Thumb Code     8  rt_locale_intlibspace.o(.text)
    _printf_fp_infnan                        0x08001191   Thumb Code   112  _printf_fp_infnan.o(.text)
    _btod_etento                             0x08001211   Thumb Code   224  bigflt0.o(.text)
    exit                                     0x080012f5   Thumb Code    18  exit.o(.text)
    __user_libspace                          0x08001309   Thumb Code     8  libspace.o(.text)
    __user_perproc_libspace                  0x08001309   Thumb Code     0  libspace.o(.text)
    __user_perthread_libspace                0x08001309   Thumb Code     0  libspace.o(.text)
    strcmp                                   0x08001311   Thumb Code   128  strcmpv7m.o(.text)
    _sys_exit                                0x08001391   Thumb Code     8  sys_exit.o(.text)
    __I$use$semihosting                      0x0800139d   Thumb Code     0  use_no_semi.o(.text)
    __use_no_semihosting_swi                 0x0800139d   Thumb Code     2  use_no_semi.o(.text)
    __semihosting_library_function           0x0800139f   Thumb Code     0  indicate_semi.o(.text)
    DelayMillis                              0x080013a1   Thumb Code    54  systick_time.o(.text.DelayMillis)
    DelayMs                                  0x080013d9   Thumb Code    32  systick_time.o(.text.DelayMs)
    DelayUs                                  0x080013f9   Thumb Code    32  systick_time.o(.text.DelayUs)
    Delaymicro                               0x08001419   Thumb Code    48  systick_time.o(.text.Delaymicro)
    EXTI3_IRQHandler                         0x08001449   Thumb Code   178  main.o(.text.EXTI3_IRQHandler)
    EXTI4_IRQHandler                         0x080014fd   Thumb Code   178  main.o(.text.EXTI4_IRQHandler)
    EXTI9_5_IRQHandler                       0x080015b1   Thumb Code   178  main.o(.text.EXTI9_5_IRQHandler)
    PCF8574_add                              0x08001795   Thumb Code    30  pcf8574_drive.o(.text.PCF8574_add)
    PCF8574_tx_byte                          0x080017b5   Thumb Code    54  pcf8574_drive.o(.text.PCF8574_tx_byte)
    SystemCoreClockUpdate                    0x080019c9   Thumb Code   290  system_stm32f10x.o(.text.SystemCoreClockUpdate)
    SystemInit                               0x08001aed   Thumb Code   102  system_stm32f10x.o(.text.SystemInit)
    TIM2_IRQHandler                          0x08001b55   Thumb Code    46  main.o(.text.TIM2_IRQHandler)
    TIM3_IRQHandler                          0x08001b85   Thumb Code    50  main.o(.text.TIM3_IRQHandler)
    TIM4_IRQHandler                          0x08001bb9   Thumb Code    86  main.o(.text.TIM4_IRQHandler)
    i2c_add                                  0x08001fd9   Thumb Code   244  i2c_drive.o(.text.i2c_add)
    i2c_data                                 0x080020cd   Thumb Code   156  i2c_drive.o(.text.i2c_data)
    i2c_init                                 0x08002169   Thumb Code   286  i2c_drive.o(.text.i2c_init)
    i2c_start                                0x08002289   Thumb Code   108  i2c_drive.o(.text.i2c_start)
    i2c_stop                                 0x080022f5   Thumb Code   116  i2c_drive.o(.text.i2c_stop)
    init_GP                                  0x08002369   Thumb Code   258  gp_drive.o(.text.init_GP)
    lcd_blank_1                              0x0800246d   Thumb Code    32  lcd_1602_drive.o(.text.lcd_blank_1)
    lcd_blank_12                             0x0800248d   Thumb Code    28  lcd_1602_drive.o(.text.lcd_blank_12)
    lcd_blank_2                              0x080024a9   Thumb Code    32  lcd_1602_drive.o(.text.lcd_blank_2)
    lcd_i2c_cmd                              0x080024c9   Thumb Code   162  lcd_1602_drive.o(.text.lcd_i2c_cmd)
    lcd_i2c_data                             0x0800256d   Thumb Code   162  lcd_1602_drive.o(.text.lcd_i2c_data)
    lcd_i2c_init                             0x08002611   Thumb Code   358  lcd_1602_drive.o(.text.lcd_i2c_init)
    lcd_i2c_msg                              0x08002779   Thumb Code   104  lcd_1602_drive.o(.text.lcd_i2c_msg)
    lcd_i2c_send                             0x080027e1   Thumb Code    58  lcd_1602_drive.o(.text.lcd_i2c_send)
    main                                     0x0800281d   Thumb Code   188  main.o(.text.main)
    systick_init                             0x08002b95   Thumb Code    42  systick_time.o(.text.systick_init)
    _btod_d2e                                0x08002bbf   Thumb Code    62  btod.o(CL$$btod_d2e)
    _d2e_denorm_low                          0x08002bfd   Thumb Code    70  btod.o(CL$$btod_d2e_denorm_low)
    _d2e_norm_op1                            0x08002c43   Thumb Code    96  btod.o(CL$$btod_d2e_norm_op1)
    __btod_div_common                        0x08002ca5   Thumb Code   696  btod.o(CL$$btod_div_common)
    _e2e                                     0x08002fdd   Thumb Code   220  btod.o(CL$$btod_e2e)
    _btod_ediv                               0x080030b9   Thumb Code    42  btod.o(CL$$btod_ediv)
    _btod_emul                               0x080030e3   Thumb Code    42  btod.o(CL$$btod_emul)
    __btod_mult_common                       0x0800310d   Thumb Code   580  btod.o(CL$$btod_mult_common)
    __ARM_fpclassify                         0x08003351   Thumb Code    40  fpclassify.o(i.__ARM_fpclassify)
    _is_digit                                0x08003379   Thumb Code    14  __printf_wp.o(i._is_digit)
    _get_lc_numeric                          0x08003389   Thumb Code    44  lc_numeric_c.o(locale$$code)
    _get_lc_ctype                            0x080033b5   Thumb Code    44  lc_ctype_c.o(locale$$code)
    _printf_fp_dec                           0x080033e1   Thumb Code     4  printf1.o(x$fpl$printf1)
    _printf_fp_hex                           0x080033e5   Thumb Code     4  printf2.o(x$fpl$printf2)
    __I$use$fp                               0x080033e8   Number         0  usenofp.o(x$fpl$usenofp)
    AHBPrescTable                            0x080034e4   Data          16  system_stm32f10x.o(.rodata.AHBPrescTable)
    fsm                                      0x080034f4   Data         440  main.o(.rodata.fsm)
    Region$$Table$$Base                      0x080036c8   Number         0  anon$$obj.o(Region$$Table)
    Region$$Table$$Limit                     0x080036e8   Number         0  anon$$obj.o(Region$$Table)
    __ctype                                  0x08003711   Data           0  lc_ctype_c.o(locale$$data)
    Input                                    0x20000000   Data           4  main.o(.data.Input)
    SystemCoreClock                          0x20000004   Data           4  system_stm32f10x.o(.data.SystemCoreClock)
    __libspace_start                         0x20000008   Data          96  libspace.o(.bss)
    S                                        0x20000068   Data           2  main.o(.bss.S)
    __temporary_stack_top$libspace           0x20000068   Data           0  libspace.o(.bss)
    checkGPIO                                0x2000006a   Data           1  main.o(.bss.checkGPIO)
    checkSouth                               0x2000006b   Data           1  main.o(.bss.checkSouth)
    checkWalk                                0x2000006c   Data           1  main.o(.bss.checkWalk)
    checkWest                                0x2000006d   Data           1  main.o(.bss.checkWest)
    count1                                   0x20000070   Data           4  main.o(.bss.count1)
    count2                                   0x20000074   Data           4  main.o(.bss.count2)
    greenCNT                                 0x20000078   Data           2  main.o(.bss.greenCNT)
    greenEnd                                 0x2000007c   Data           4  main.o(.bss.greenEnd)
    greenEnds                                0x20000080   Data           4  main.o(.bss.greenEnds)
    inputValue                               0x20000084   Data           1  main.o(.bss.inputValue)
    lcdCNT                                   0x20000085   Data          50  main.o(.bss.lcdCNT)
    warnCNT                                  0x200000b8   Data           2  main.o(.bss.warnCNT)
    warnEnd                                  0x200000bc   Data           4  main.o(.bss.warnEnd)
    warnEnds                                 0x200000c0   Data           4  main.o(.bss.warnEnds)
    warnTime                                 0x200000c4   Data           4  main.o(.bss.warnTime)
    yellowCNT                                0x200000c8   Data           2  main.o(.bss.yellowCNT)
    yellowEnd                                0x200000cc   Data           4  main.o(.bss.yellowEnd)
    yellowEnds                               0x200000d0   Data           4  main.o(.bss.yellowEnds)



==============================================================================

Memory Map of the image

  Image Entry point : 0x08000261

  Load Region LR_1 (Base: 0x08000000, Size: 0x0000381c, Max: 0xffffffff, ABSOLUTE)

    Execution Region ER_RO (Exec base: 0x08000000, Load base: 0x08000000, Size: 0x00003814, Max: 0xffffffff, ABSOLUTE)

    Exec Addr    Load Addr    Size         Type   Attr      Idx    E Section Name        Object

    0x08000000   0x08000000   0x000000ec   Data   RO          187    RESET               startup_stm32f10x_md.o
    0x080000ec   0x080000ec   0x00000008   Code   RO          217  * !!!main             c_w.l(__main.o)
    0x080000f4   0x080000f4   0x0000005c   Code   RO          554    !!!scatter          c_w.l(__scatter.o)
    0x08000150   0x08000150   0x0000001a   Code   RO          558    !!handler_copy      c_w.l(__scatter_copy.o)
    0x0800016a   0x0800016a   0x00000002   PAD
    0x0800016c   0x0800016c   0x00000002   Code   RO          555    !!handler_null      c_w.l(__scatter.o)
    0x0800016e   0x0800016e   0x00000002   PAD
    0x08000170   0x08000170   0x0000001c   Code   RO          560    !!handler_zi        c_w.l(__scatter_zi.o)
    0x0800018c   0x0800018c   0x00000000   Code   RO          301    .ARM.Collect$$_printf_percent$$00000000  c_w.l(_printf_percent.o)
    0x0800018c   0x0800018c   0x00000006   Code   RO          290    .ARM.Collect$$_printf_percent$$00000001  c_w.l(_printf_n.o)
    0x08000192   0x08000192   0x00000006   Code   RO          292    .ARM.Collect$$_printf_percent$$00000002  c_w.l(_printf_p.o)
    0x08000198   0x08000198   0x00000006   Code   RO          297    .ARM.Collect$$_printf_percent$$00000003  c_w.l(_printf_f.o)
    0x0800019e   0x0800019e   0x00000006   Code   RO          298    .ARM.Collect$$_printf_percent$$00000004  c_w.l(_printf_e.o)
    0x080001a4   0x080001a4   0x00000006   Code   RO          299    .ARM.Collect$$_printf_percent$$00000005  c_w.l(_printf_g.o)
    0x080001aa   0x080001aa   0x00000006   Code   RO          300    .ARM.Collect$$_printf_percent$$00000006  c_w.l(_printf_a.o)
    0x080001b0   0x080001b0   0x0000000a   Code   RO          305    .ARM.Collect$$_printf_percent$$00000007  c_w.l(_printf_ll.o)
    0x080001ba   0x080001ba   0x00000006   Code   RO          294    .ARM.Collect$$_printf_percent$$00000008  c_w.l(_printf_i.o)
    0x080001c0   0x080001c0   0x00000006   Code   RO          295    .ARM.Collect$$_printf_percent$$00000009  c_w.l(_printf_d.o)
    0x080001c6   0x080001c6   0x00000006   Code   RO          296    .ARM.Collect$$_printf_percent$$0000000A  c_w.l(_printf_u.o)
    0x080001cc   0x080001cc   0x00000006   Code   RO          293    .ARM.Collect$$_printf_percent$$0000000B  c_w.l(_printf_o.o)
    0x080001d2   0x080001d2   0x00000006   Code   RO          291    .ARM.Collect$$_printf_percent$$0000000C  c_w.l(_printf_x.o)
    0x080001d8   0x080001d8   0x00000006   Code   RO          302    .ARM.Collect$$_printf_percent$$0000000D  c_w.l(_printf_lli.o)
    0x080001de   0x080001de   0x00000006   Code   RO          303    .ARM.Collect$$_printf_percent$$0000000E  c_w.l(_printf_lld.o)
    0x080001e4   0x080001e4   0x00000006   Code   RO          304    .ARM.Collect$$_printf_percent$$0000000F  c_w.l(_printf_llu.o)
    0x080001ea   0x080001ea   0x00000006   Code   RO          309    .ARM.Collect$$_printf_percent$$00000010  c_w.l(_printf_llo.o)
    0x080001f0   0x080001f0   0x00000006   Code   RO          310    .ARM.Collect$$_printf_percent$$00000011  c_w.l(_printf_llx.o)
    0x080001f6   0x080001f6   0x0000000a   Code   RO          306    .ARM.Collect$$_printf_percent$$00000012  c_w.l(_printf_l.o)
    0x08000200   0x08000200   0x00000006   Code   RO          288    .ARM.Collect$$_printf_percent$$00000013  c_w.l(_printf_c.o)
    0x08000206   0x08000206   0x00000006   Code   RO          289    .ARM.Collect$$_printf_percent$$00000014  c_w.l(_printf_s.o)
    0x0800020c   0x0800020c   0x00000006   Code   RO          307    .ARM.Collect$$_printf_percent$$00000015  c_w.l(_printf_lc.o)
    0x08000212   0x08000212   0x00000006   Code   RO          308    .ARM.Collect$$_printf_percent$$00000016  c_w.l(_printf_ls.o)
    0x08000218   0x08000218   0x00000004   Code   RO          351    .ARM.Collect$$_printf_percent$$00000017  c_w.l(_printf_percent_end.o)
    0x0800021c   0x0800021c   0x00000002   Code   RO          402    .ARM.Collect$$libinit$$00000000  c_w.l(libinit.o)
    0x0800021e   0x0800021e   0x00000000   Code   RO          421    .ARM.Collect$$libinit$$00000002  c_w.l(libinit2.o)
    0x0800021e   0x0800021e   0x00000000   Code   RO          423    .ARM.Collect$$libinit$$00000004  c_w.l(libinit2.o)
    0x0800021e   0x0800021e   0x00000000   Code   RO          425    .ARM.Collect$$libinit$$00000006  c_w.l(libinit2.o)
    0x0800021e   0x0800021e   0x00000000   Code   RO          428    .ARM.Collect$$libinit$$0000000C  c_w.l(libinit2.o)
    0x0800021e   0x0800021e   0x00000000   Code   RO          430    .ARM.Collect$$libinit$$0000000E  c_w.l(libinit2.o)
    0x0800021e   0x0800021e   0x00000000   Code   RO          432    .ARM.Collect$$libinit$$00000010  c_w.l(libinit2.o)
    0x0800021e   0x0800021e   0x00000006   Code   RO          433    .ARM.Collect$$libinit$$00000011  c_w.l(libinit2.o)
    0x08000224   0x08000224   0x00000000   Code   RO          435    .ARM.Collect$$libinit$$00000013  c_w.l(libinit2.o)
    0x08000224   0x08000224   0x0000000c   Code   RO          436    .ARM.Collect$$libinit$$00000014  c_w.l(libinit2.o)
    0x08000230   0x08000230   0x00000000   Code   RO          437    .ARM.Collect$$libinit$$00000015  c_w.l(libinit2.o)
    0x08000230   0x08000230   0x00000000   Code   RO          439    .ARM.Collect$$libinit$$00000017  c_w.l(libinit2.o)
    0x08000230   0x08000230   0x0000000a   Code   RO          440    .ARM.Collect$$libinit$$00000018  c_w.l(libinit2.o)
    0x0800023a   0x0800023a   0x00000000   Code   RO          441    .ARM.Collect$$libinit$$00000019  c_w.l(libinit2.o)
    0x0800023a   0x0800023a   0x00000000   Code   RO          443    .ARM.Collect$$libinit$$0000001B  c_w.l(libinit2.o)
    0x0800023a   0x0800023a   0x00000000   Code   RO          445    .ARM.Collect$$libinit$$0000001D  c_w.l(libinit2.o)
    0x0800023a   0x0800023a   0x00000000   Code   RO          447    .ARM.Collect$$libinit$$0000001F  c_w.l(libinit2.o)
    0x0800023a   0x0800023a   0x00000000   Code   RO          449    .ARM.Collect$$libinit$$00000021  c_w.l(libinit2.o)
    0x0800023a   0x0800023a   0x00000000   Code   RO          451    .ARM.Collect$$libinit$$00000023  c_w.l(libinit2.o)
    0x0800023a   0x0800023a   0x00000000   Code   RO          453    .ARM.Collect$$libinit$$00000025  c_w.l(libinit2.o)
    0x0800023a   0x0800023a   0x00000000   Code   RO          455    .ARM.Collect$$libinit$$00000027  c_w.l(libinit2.o)
    0x0800023a   0x0800023a   0x00000000   Code   RO          459    .ARM.Collect$$libinit$$0000002E  c_w.l(libinit2.o)
    0x0800023a   0x0800023a   0x00000000   Code   RO          461    .ARM.Collect$$libinit$$00000030  c_w.l(libinit2.o)
    0x0800023a   0x0800023a   0x00000000   Code   RO          463    .ARM.Collect$$libinit$$00000032  c_w.l(libinit2.o)
    0x0800023a   0x0800023a   0x00000000   Code   RO          465    .ARM.Collect$$libinit$$00000034  c_w.l(libinit2.o)
    0x0800023a   0x0800023a   0x00000002   Code   RO          466    .ARM.Collect$$libinit$$00000035  c_w.l(libinit2.o)
    0x0800023c   0x0800023c   0x00000002   Code   RO          490    .ARM.Collect$$libshutdown$$00000000  c_w.l(libshutdown.o)
    0x0800023e   0x0800023e   0x00000000   Code   RO          505    .ARM.Collect$$libshutdown$$00000002  c_w.l(libshutdown2.o)
    0x0800023e   0x0800023e   0x00000000   Code   RO          507    .ARM.Collect$$libshutdown$$00000004  c_w.l(libshutdown2.o)
    0x0800023e   0x0800023e   0x00000000   Code   RO          510    .ARM.Collect$$libshutdown$$00000007  c_w.l(libshutdown2.o)
    0x0800023e   0x0800023e   0x00000000   Code   RO          513    .ARM.Collect$$libshutdown$$0000000A  c_w.l(libshutdown2.o)
    0x0800023e   0x0800023e   0x00000000   Code   RO          515    .ARM.Collect$$libshutdown$$0000000C  c_w.l(libshutdown2.o)
    0x0800023e   0x0800023e   0x00000000   Code   RO          518    .ARM.Collect$$libshutdown$$0000000F  c_w.l(libshutdown2.o)
    0x0800023e   0x0800023e   0x00000002   Code   RO          519    .ARM.Collect$$libshutdown$$00000010  c_w.l(libshutdown2.o)
    0x08000240   0x08000240   0x00000000   Code   RO          219    .ARM.Collect$$rtentry$$00000000  c_w.l(__rtentry.o)
    0x08000240   0x08000240   0x00000000   Code   RO          320    .ARM.Collect$$rtentry$$00000002  c_w.l(__rtentry2.o)
    0x08000240   0x08000240   0x00000006   Code   RO          332    .ARM.Collect$$rtentry$$00000004  c_w.l(__rtentry4.o)
    0x08000246   0x08000246   0x00000000   Code   RO          322    .ARM.Collect$$rtentry$$00000009  c_w.l(__rtentry2.o)
    0x08000246   0x08000246   0x00000004   Code   RO          323    .ARM.Collect$$rtentry$$0000000A  c_w.l(__rtentry2.o)
    0x0800024a   0x0800024a   0x00000000   Code   RO          325    .ARM.Collect$$rtentry$$0000000C  c_w.l(__rtentry2.o)
    0x0800024a   0x0800024a   0x00000008   Code   RO          326    .ARM.Collect$$rtentry$$0000000D  c_w.l(__rtentry2.o)
    0x08000252   0x08000252   0x00000002   Code   RO          411    .ARM.Collect$$rtexit$$00000000  c_w.l(rtexit.o)
    0x08000254   0x08000254   0x00000000   Code   RO          468    .ARM.Collect$$rtexit$$00000002  c_w.l(rtexit2.o)
    0x08000254   0x08000254   0x00000004   Code   RO          469    .ARM.Collect$$rtexit$$00000003  c_w.l(rtexit2.o)
    0x08000258   0x08000258   0x00000006   Code   RO          470    .ARM.Collect$$rtexit$$00000004  c_w.l(rtexit2.o)
    0x0800025e   0x0800025e   0x00000002   PAD
    0x08000260   0x08000260   0x00000040   Code   RO          188  * .text               startup_stm32f10x_md.o
    0x080002a0   0x080002a0   0x0000002c   Code   RO          213    .text               c_w.l(sprintf.o)
    0x080002cc   0x080002cc   0x00000006   Code   RO          215    .text               c_w.l(heapauxi.o)
    0x080002d2   0x080002d2   0x0000004e   Code   RO          222    .text               c_w.l(_printf_pad.o)
    0x08000320   0x08000320   0x00000024   Code   RO          224    .text               c_w.l(_printf_truncate.o)
    0x08000344   0x08000344   0x00000052   Code   RO          226    .text               c_w.l(_printf_str.o)
    0x08000396   0x08000396   0x00000002   PAD
    0x08000398   0x08000398   0x00000078   Code   RO          228    .text               c_w.l(_printf_dec.o)
    0x08000410   0x08000410   0x00000028   Code   RO          230    .text               c_w.l(_printf_charcount.o)
    0x08000438   0x08000438   0x00000030   Code   RO          232    .text               c_w.l(_printf_char_common.o)
    0x08000468   0x08000468   0x0000000a   Code   RO          234    .text               c_w.l(_sputc.o)
    0x08000472   0x08000472   0x00000002   PAD
    0x08000474   0x08000474   0x000000bc   Code   RO          236    .text               c_w.l(_printf_wctomb.o)
    0x08000530   0x08000530   0x0000007c   Code   RO          239    .text               c_w.l(_printf_longlong_dec.o)
    0x080005ac   0x080005ac   0x00000070   Code   RO          245    .text               c_w.l(_printf_oct_int_ll.o)
    0x0800061c   0x0800061c   0x00000094   Code   RO          265    .text               c_w.l(_printf_hex_int_ll_ptr.o)
    0x080006b0   0x080006b0   0x00000188   Code   RO          285    .text               c_w.l(__printf_flags_ss_wp.o)
    0x08000838   0x08000838   0x0000008a   Code   RO          334    .text               c_w.l(lludiv10.o)
    0x080008c2   0x080008c2   0x000000b2   Code   RO          336    .text               c_w.l(_printf_intcommon.o)
    0x08000974   0x08000974   0x0000041c   Code   RO          338    .text               c_w.l(_printf_fp_dec.o)
    0x08000d90   0x08000d90   0x000002fc   Code   RO          342    .text               c_w.l(_printf_fp_hex.o)
    0x0800108c   0x0800108c   0x0000002c   Code   RO          347    .text               c_w.l(_printf_char.o)
    0x080010b8   0x080010b8   0x0000002c   Code   RO          349    .text               c_w.l(_printf_wchar.o)
    0x080010e4   0x080010e4   0x00000048   Code   RO          352    .text               c_w.l(_c16rtomb.o)
    0x0800112c   0x0800112c   0x0000004a   Code   RO          354    .text               c_w.l(sys_stackheap_outer.o)
    0x08001176   0x08001176   0x00000002   PAD
    0x08001178   0x08001178   0x00000010   Code   RO          356    .text               c_w.l(rt_ctype_table.o)
    0x08001188   0x08001188   0x00000008   Code   RO          361    .text               c_w.l(rt_locale_intlibspace.o)
    0x08001190   0x08001190   0x00000080   Code   RO          363    .text               c_w.l(_printf_fp_infnan.o)
    0x08001210   0x08001210   0x000000e4   Code   RO          365    .text               c_w.l(bigflt0.o)
    0x080012f4   0x080012f4   0x00000012   Code   RO          395    .text               c_w.l(exit.o)
    0x08001306   0x08001306   0x00000002   PAD
    0x08001308   0x08001308   0x00000008   Code   RO          408    .text               c_w.l(libspace.o)
    0x08001310   0x08001310   0x00000080   Code   RO          418    .text               c_w.l(strcmpv7m.o)
    0x08001390   0x08001390   0x0000000c   Code   RO          480    .text               c_w.l(sys_exit.o)
    0x0800139c   0x0800139c   0x00000002   Code   RO          495    .text               c_w.l(use_no_semi.o)
    0x0800139e   0x0800139e   0x00000000   Code   RO          497    .text               c_w.l(indicate_semi.o)
    0x0800139e   0x0800139e   0x00000002   PAD
    0x080013a0   0x080013a0   0x00000036   Code   RO           72    .text.DelayMillis   systick_time.o
    0x080013d6   0x080013d6   0x00000002   PAD
    0x080013d8   0x080013d8   0x00000020   Code   RO           74    .text.DelayMs       systick_time.o
    0x080013f8   0x080013f8   0x00000020   Code   RO           70    .text.DelayUs       systick_time.o
    0x08001418   0x08001418   0x00000030   Code   RO           68    .text.Delaymicro    systick_time.o
    0x08001448   0x08001448   0x000000b2   Code   RO           20    .text.EXTI3_IRQHandler  main.o
    0x080014fa   0x080014fa   0x00000002   PAD
    0x080014fc   0x080014fc   0x000000b2   Code   RO           22    .text.EXTI4_IRQHandler  main.o
    0x080015ae   0x080015ae   0x00000002   PAD
    0x080015b0   0x080015b0   0x000000b2   Code   RO           24    .text.EXTI9_5_IRQHandler  main.o
    0x08001662   0x08001662   0x00000002   PAD
    0x08001664   0x08001664   0x0000004a   Code   RO            6    .text.GPIO_Init     main.o
    0x080016ae   0x080016ae   0x00000002   PAD
    0x080016b0   0x080016b0   0x000000e4   Code   RO           10    .text.Interupt_Config  main.o
    0x08001794   0x08001794   0x0000001e   Code   RO          175    .text.PCF8574_add   pcf8574_drive.o
    0x080017b2   0x080017b2   0x00000002   PAD
    0x080017b4   0x080017b4   0x00000036   Code   RO          177    .text.PCF8574_tx_byte  pcf8574_drive.o
    0x080017ea   0x080017ea   0x00000002   PAD
    0x080017ec   0x080017ec   0x000000ae   Code   RO            4    .text.PLLInit       main.o
    0x0800189a   0x0800189a   0x00000002   PAD
    0x0800189c   0x0800189c   0x00000008   Code   RO          197    .text.SetSysClock   system_stm32f10x.o
    0x080018a4   0x080018a4   0x00000122   Code   RO          201    .text.SetSysClockTo72  system_stm32f10x.o
    0x080019c6   0x080019c6   0x00000002   PAD
    0x080019c8   0x080019c8   0x00000122   Code   RO          199    .text.SystemCoreClockUpdate  system_stm32f10x.o
    0x08001aea   0x08001aea   0x00000002   PAD
    0x08001aec   0x08001aec   0x00000066   Code   RO          195    .text.SystemInit    system_stm32f10x.o
    0x08001b52   0x08001b52   0x00000002   PAD
    0x08001b54   0x08001b54   0x0000002e   Code   RO           14    .text.TIM2_IRQHandler  main.o
    0x08001b82   0x08001b82   0x00000002   PAD
    0x08001b84   0x08001b84   0x00000032   Code   RO           16    .text.TIM3_IRQHandler  main.o
    0x08001bb6   0x08001bb6   0x00000002   PAD
    0x08001bb8   0x08001bb8   0x00000056   Code   RO           18    .text.TIM4_IRQHandler  main.o
    0x08001c0e   0x08001c0e   0x00000002   PAD
    0x08001c10   0x08001c10   0x00000088   Code   RO            8    .text.TIM_Init      main.o
    0x08001c98   0x08001c98   0x000002cc   Code   RO           12    .text.TimerDelayMs  main.o
    0x08001f64   0x08001f64   0x00000030   Code   RO           30    .text.__NVIC_EnableIRQ  main.o
    0x08001f94   0x08001f94   0x00000042   Code   RO           28    .text.__NVIC_SetPriority  main.o
    0x08001fd6   0x08001fd6   0x00000002   PAD
    0x08001fd8   0x08001fd8   0x000000f4   Code   RO          133    .text.i2c_add       i2c_drive.o
    0x080020cc   0x080020cc   0x0000009c   Code   RO          135    .text.i2c_data      i2c_drive.o
    0x08002168   0x08002168   0x0000011e   Code   RO          129    .text.i2c_init      i2c_drive.o
    0x08002286   0x08002286   0x00000002   PAD
    0x08002288   0x08002288   0x0000006c   Code   RO          131    .text.i2c_start     i2c_drive.o
    0x080022f4   0x080022f4   0x00000074   Code   RO          137    .text.i2c_stop      i2c_drive.o
    0x08002368   0x08002368   0x00000102   Code   RO          150    .text.init_GP       gp_drive.o
    0x0800246a   0x0800246a   0x00000002   PAD
    0x0800246c   0x0800246c   0x00000020   Code   RO          115    .text.lcd_blank_1   lcd_1602_drive.o
    0x0800248c   0x0800248c   0x0000001c   Code   RO          119    .text.lcd_blank_12  lcd_1602_drive.o
    0x080024a8   0x080024a8   0x00000020   Code   RO          117    .text.lcd_blank_2   lcd_1602_drive.o
    0x080024c8   0x080024c8   0x000000a2   Code   RO          107    .text.lcd_i2c_cmd   lcd_1602_drive.o
    0x0800256a   0x0800256a   0x00000002   PAD
    0x0800256c   0x0800256c   0x000000a2   Code   RO          105    .text.lcd_i2c_data  lcd_1602_drive.o
    0x0800260e   0x0800260e   0x00000002   PAD
    0x08002610   0x08002610   0x00000166   Code   RO          109    .text.lcd_i2c_init  lcd_1602_drive.o
    0x08002776   0x08002776   0x00000002   PAD
    0x08002778   0x08002778   0x00000068   Code   RO          113    .text.lcd_i2c_msg   lcd_1602_drive.o
    0x080027e0   0x080027e0   0x0000003a   Code   RO          111    .text.lcd_i2c_send  lcd_1602_drive.o
    0x0800281a   0x0800281a   0x00000002   PAD
    0x0800281c   0x0800281c   0x000000bc   Code   RO            2    .text.main          main.o
    0x080028d8   0x080028d8   0x000002ba   Code   RO           26    .text.sendRemaningTime  main.o
    0x08002b92   0x08002b92   0x00000002   PAD
    0x08002b94   0x08002b94   0x0000002a   Code   RO           66    .text.systick_init  systick_time.o
    0x08002bbe   0x08002bbe   0x0000003e   Code   RO          368    CL$$btod_d2e        c_w.l(btod.o)
    0x08002bfc   0x08002bfc   0x00000046   Code   RO          370    CL$$btod_d2e_denorm_low  c_w.l(btod.o)
    0x08002c42   0x08002c42   0x00000060   Code   RO          369    CL$$btod_d2e_norm_op1  c_w.l(btod.o)
    0x08002ca2   0x08002ca2   0x00000002   PAD
    0x08002ca4   0x08002ca4   0x00000338   Code   RO          378    CL$$btod_div_common  c_w.l(btod.o)
    0x08002fdc   0x08002fdc   0x000000dc   Code   RO          375    CL$$btod_e2e        c_w.l(btod.o)
    0x080030b8   0x080030b8   0x0000002a   Code   RO          372    CL$$btod_ediv       c_w.l(btod.o)
    0x080030e2   0x080030e2   0x0000002a   Code   RO          371    CL$$btod_emul       c_w.l(btod.o)
    0x0800310c   0x0800310c   0x00000244   Code   RO          377    CL$$btod_mult_common  c_w.l(btod.o)
    0x08003350   0x08003350   0x00000028   Code   RO          406    i.__ARM_fpclassify  m_ws.l(fpclassify.o)
    0x08003378   0x08003378   0x0000000e   Code   RO          278    i._is_digit         c_w.l(__printf_wp.o)
    0x08003386   0x08003386   0x00000002   PAD
    0x08003388   0x08003388   0x0000002c   Code   RO          393    locale$$code        c_w.l(lc_numeric_c.o)
    0x080033b4   0x080033b4   0x0000002c   Code   RO          416    locale$$code        c_w.l(lc_ctype_c.o)
    0x080033e0   0x080033e0   0x00000004   Code   RO          311    x$fpl$printf1       fz_ws.l(printf1.o)
    0x080033e4   0x080033e4   0x00000004   Code   RO          313    x$fpl$printf2       fz_ws.l(printf2.o)
    0x080033e8   0x080033e8   0x00000000   Code   RO          405    x$fpl$usenofp       fz_ws.l(usenofp.o)
    0x080033e8   0x080033e8   0x00000008   Data   RO          237    .constdata          c_w.l(_printf_wctomb.o)
    0x080033f0   0x080033f0   0x00000028   Data   RO          266    .constdata          c_w.l(_printf_hex_int_ll_ptr.o)
    0x08003418   0x08003418   0x00000011   Data   RO          286    .constdata          c_w.l(__printf_flags_ss_wp.o)
    0x08003429   0x08003429   0x00000026   Data   RO          343    .constdata          c_w.l(_printf_fp_hex.o)
    0x0800344f   0x0800344f   0x00000001   PAD
    0x08003450   0x08003450   0x00000094   Data   RO          366    .constdata          c_w.l(bigflt0.o)
    0x080034e4   0x080034e4   0x00000010   Data   RO          204    .rodata.AHBPrescTable  system_stm32f10x.o
    0x080034f4   0x080034f4   0x000001b8   Data   RO           36    .rodata.fsm         main.o
    0x080036ac   0x080036ac   0x00000008   Data   RO           57    .rodata.str1.1      main.o
    0x080036b4   0x080036b4   0x00000011   Data   RO          121    .rodata.str1.1      lcd_1602_drive.o
    0x080036c5   0x080036c5   0x00000003   PAD
    0x080036c8   0x080036c8   0x00000020   Data   RO          553    Region$$Table       anon$$obj.o
    0x080036e8   0x080036e8   0x0000001c   Data   RO          392    locale$$data        c_w.l(lc_numeric_c.o)
    0x08003704   0x08003704   0x00000110   Data   RO          415    locale$$data        c_w.l(lc_ctype_c.o)


    Execution Region ER_RW (Exec base: 0x20000000, Load base: 0x08003814, Size: 0x00000008, Max: 0xffffffff, ABSOLUTE)

    Exec Addr    Load Addr    Size         Type   Attr      Idx    E Section Name        Object

    0x20000000   0x08003814   0x00000004   Data   RW           37    .data.Input         main.o
    0x20000004   0x08003818   0x00000004   Data   RW          203    .data.SystemCoreClock  system_stm32f10x.o


    Execution Region ER_ZI (Exec base: 0x20000008, Load base: 0x0800381c, Size: 0x000006d0, Max: 0xffffffff, ABSOLUTE)

    Exec Addr    Load Addr    Size         Type   Attr      Idx    E Section Name        Object

    0x20000008        -       0x00000060   Zero   RW          409    .bss                c_w.l(libspace.o)
    0x20000068        -       0x00000002   Zero   RW           55    .bss.S              main.o
    0x2000006a        -       0x00000001   Zero   RW           41    .bss.checkGPIO      main.o
    0x2000006b        -       0x00000001   Zero   RW           39    .bss.checkSouth     main.o
    0x2000006c        -       0x00000001   Zero   RW           38    .bss.checkWalk      main.o
    0x2000006d        -       0x00000001   Zero   RW           40    .bss.checkWest      main.o
    0x2000006e   0x0800381c   0x00000002   PAD
    0x20000070        -       0x00000004   Zero   RW           49    .bss.count1         main.o
    0x20000074        -       0x00000004   Zero   RW           50    .bss.count2         main.o
    0x20000078        -       0x00000002   Zero   RW           51    .bss.greenCNT       main.o
    0x2000007a   0x0800381c   0x00000002   PAD
    0x2000007c        -       0x00000004   Zero   RW           43    .bss.greenEnd       main.o
    0x20000080        -       0x00000004   Zero   RW           46    .bss.greenEnds      main.o
    0x20000084        -       0x00000001   Zero   RW           42    .bss.inputValue     main.o
    0x20000085        -       0x00000032   Zero   RW           56    .bss.lcdCNT         main.o
    0x200000b7   0x0800381c   0x00000001   PAD
    0x200000b8        -       0x00000002   Zero   RW           53    .bss.warnCNT        main.o
    0x200000ba   0x0800381c   0x00000002   PAD
    0x200000bc        -       0x00000004   Zero   RW           45    .bss.warnEnd        main.o
    0x200000c0        -       0x00000004   Zero   RW           48    .bss.warnEnds       main.o
    0x200000c4        -       0x00000004   Zero   RW           54    .bss.warnTime       main.o
    0x200000c8        -       0x00000002   Zero   RW           52    .bss.yellowCNT      main.o
    0x200000ca   0x0800381c   0x00000002   PAD
    0x200000cc        -       0x00000004   Zero   RW           44    .bss.yellowEnd      main.o
    0x200000d0        -       0x00000004   Zero   RW           47    .bss.yellowEnds     main.o
    0x200000d4   0x0800381c   0x00000004   PAD
    0x200000d8        -       0x00000200   Zero   RW          186    HEAP                startup_stm32f10x_md.o
    0x200002d8        -       0x00000400   Zero   RW          185    STACK               startup_stm32f10x_md.o


==============================================================================

Image component sizes


      Code (inc. data)   RO Data    RW Data    ZI Data      Debug   Object Name

       258          0          0          0          0       2556   gp_drive.o
       910          0          0          0          0       3037   i2c_drive.o
       936          0         17          0          0       3883   lcd_1602_drive.o
      3044          8        448          4         99       8253   main.o
        84          0          0          0          0        705   pcf8574_drive.o
        64         26        236          0       1536        808   startup_stm32f10x_md.o
       690          0         16          4          0       2840   system_stm32f10x.o
       208          0          0          0          0       1924   systick_time.o

    ----------------------------------------------------------------------
      6238         34        752          8       1648      24006   Object Totals
         0          0         32          0          0          0   (incl. Generated)
        44          0          3          0         13          0   (incl. Padding)

    ----------------------------------------------------------------------

      Code (inc. data)   RO Data    RW Data    ZI Data      Debug   Library Member Name

         8          0          0          0          0         68   __main.o
       392          4         17          0          0         92   __printf_flags_ss_wp.o
        14          0          0          0          0         68   __printf_wp.o
         0          0          0          0          0          0   __rtentry.o
        12          0          0          0          0          0   __rtentry2.o
         6          0          0          0          0          0   __rtentry4.o
        94          8          0          0          0          0   __scatter.o
        26          0          0          0          0          0   __scatter_copy.o
        28          0          0          0          0          0   __scatter_zi.o
        72          0          0          0          0         96   _c16rtomb.o
         6          0          0          0          0          0   _printf_a.o
         6          0          0          0          0          0   _printf_c.o
        44          0          0          0          0        108   _printf_char.o
        48          6          0          0          0         96   _printf_char_common.o
        40          0          0          0          0         68   _printf_charcount.o
         6          0          0          0          0          0   _printf_d.o
       120         16          0          0          0         92   _printf_dec.o
         6          0          0          0          0          0   _printf_e.o
         6          0          0          0          0          0   _printf_f.o
      1052          0          0          0          0        148   _printf_fp_dec.o
       764          8         38          0          0        100   _printf_fp_hex.o
       128         16          0          0          0         84   _printf_fp_infnan.o
         6          0          0          0          0          0   _printf_g.o
       148          4         40          0          0        160   _printf_hex_int_ll_ptr.o
         6          0          0          0          0          0   _printf_i.o
       178          0          0          0          0         88   _printf_intcommon.o
        10          0          0          0          0          0   _printf_l.o
         6          0          0          0          0          0   _printf_lc.o
        10          0          0          0          0          0   _printf_ll.o
         6          0          0          0          0          0   _printf_lld.o
         6          0          0          0          0          0   _printf_lli.o
         6          0          0          0          0          0   _printf_llo.o
         6          0          0          0          0          0   _printf_llu.o
         6          0          0          0          0          0   _printf_llx.o
       124         16          0          0          0         92   _printf_longlong_dec.o
         6          0          0          0          0          0   _printf_ls.o
         6          0          0          0          0          0   _printf_n.o
         6          0          0          0          0          0   _printf_o.o
       112          8          0          0          0        124   _printf_oct_int_ll.o
         6          0          0          0          0          0   _printf_p.o
        78          0          0          0          0        108   _printf_pad.o
         0          0          0          0          0          0   _printf_percent.o
         4          0          0          0          0          0   _printf_percent_end.o
         6          0          0          0          0          0   _printf_s.o
        82          0          0          0          0         80   _printf_str.o
        36          0          0          0          0         84   _printf_truncate.o
         6          0          0          0          0          0   _printf_u.o
        44          0          0          0          0        108   _printf_wchar.o
       188          6          8          0          0         92   _printf_wctomb.o
         6          0          0          0          0          0   _printf_x.o
        10          0          0          0          0         68   _sputc.o
       228          4        148          0          0         96   bigflt0.o
      1936        128          0          0          0        668   btod.o
        18          0          0          0          0         80   exit.o
         6          0          0          0          0        152   heapauxi.o
         0          0          0          0          0          0   indicate_semi.o
        44         10        272          0          0         76   lc_ctype_c.o
        44         10         28          0          0         76   lc_numeric_c.o
         2          0          0          0          0          0   libinit.o
        30          0          0          0          0          0   libinit2.o
         2          0          0          0          0          0   libshutdown.o
         2          0          0          0          0          0   libshutdown2.o
         8          4          0          0         96         68   libspace.o
       138          0          0          0          0         80   lludiv10.o
        16          4          0          0          0         76   rt_ctype_table.o
         8          4          0          0          0         68   rt_locale_intlibspace.o
         2          0          0          0          0          0   rtexit.o
        10          0          0          0          0          0   rtexit2.o
        44          6          0          0          0         84   sprintf.o
       128          0          0          0          0         68   strcmpv7m.o
        12          4          0          0          0         68   sys_exit.o
        74          0          0          0          0         80   sys_stackheap_outer.o
         2          0          0          0          0         68   use_no_semi.o
         4          0          0          0          0         68   printf1.o
         4          0          0          0          0         68   printf2.o
         0          0          0          0          0          0   usenofp.o
        40          0          0          0          0         68   fpclassify.o

    ----------------------------------------------------------------------
      6814        266        552          0         96       4036   Library Totals
        20          0          1          0          0          0   (incl. Padding)

    ----------------------------------------------------------------------

      Code (inc. data)   RO Data    RW Data    ZI Data      Debug   Library Name

      6746        266        551          0         96       3832   c_w.l
         8          0          0          0          0        136   fz_ws.l
        40          0          0          0          0         68   m_ws.l

    ----------------------------------------------------------------------
      6814        266        552          0         96       4036   Library Totals

    ----------------------------------------------------------------------

==============================================================================


      Code (inc. data)   RO Data    RW Data    ZI Data      Debug   

     13052        300       1304          8       1744      25854   Grand Totals
     13052        300       1304          8       1744      25854   ELF Image Totals
     13052        300       1304          8          0          0   ROM Totals

==============================================================================

    Total RO  Size (Code + RO Data)                14356 (  14.02kB)
    Total RW  Size (RW Data + ZI Data)              1752 (   1.71kB)
    Total ROM Size (Code + RO Data + RW Data)      14364 (  14.03kB)

==============================================================================

